2026-06-09T01:31:36.041+08:00  INFO 2652 --- [user-service] [main] ServiceLoader$InnerEnhancedServiceLoader : Ignore load compatible class io.seata.config.ExtConfigurationProvider, because is not assignable from origin type org.apache.seata.config.ExtConfigurationProvider
2026-06-09T01:31:36.183+08:00  INFO 2652 --- [user-service] [main] o.a.seata.config.ConfigurationFactory    : load Configuration from :FileConfiguration$$EnhancerByCGLIB$$9e6bf6fd
2026-06-09T01:31:36.225+08:00  INFO 2652 --- [user-service] [main] c.w.demo.user.UserServiceApplication     : Starting UserServiceApplication using Java 17.0.16 with PID 2652 (D:\JetBrains\IdeaProjects\blog\user-service\target\classes started by wearsky in D:\JetBrains\IdeaProjects\blog)
2026-06-09T01:31:36.226+08:00 DEBUG 2652 --- [user-service] [main] c.w.demo.user.UserServiceApplication     : Running with Spring Boot v3.5.14, Spring v6.2.18
2026-06-09T01:31:36.229+08:00  INFO 2652 --- [user-service] [main] c.w.demo.user.UserServiceApplication     : The following 1 profile is active: "dev"
2026-06-09T01:31:38.135+08:00  INFO 2652 --- [user-service] [main] o.s.cloud.context.scope.GenericScope     : BeanFactory id=3bef63f5-8c27-31b3-a6f6-57e0dd0eaef5
2026-06-09T01:31:38.309+08:00  WARN 2652 --- [user-service] [main] trationDelegate$BeanPostProcessorChecker : Bean 'org.apache.seata.spring.boot.autoconfigure.SeataCoreAutoConfiguration' of type [org.apache.seata.spring.boot.autoconfigure.SeataCoreAutoConfiguration] is not eligible for getting processed by all BeanPostProcessors (for example: not eligible for auto-proxying). Is this bean getting eagerly injected/applied to a currently created BeanPostProcessor []? Check the corresponding BeanPostProcessor declaration and its dependencies/advisors. If this bean does not have to be post-processed, declare it with ROLE_INFRASTRUCTURE.
2026-06-09T01:31:38.310+08:00  WARN 2652 --- [user-service] [main] trationDelegate$BeanPostProcessorChecker : Bean 'springApplicationContextProvider' of type [org.apache.seata.spring.boot.autoconfigure.provider.SpringApplicationContextProvider] is not eligible for getting processed by all BeanPostProcessors (for example: not eligible for auto-proxying). Is this bean getting eagerly injected/applied to a currently created BeanPostProcessor []? Check the corresponding BeanPostProcessor declaration and its dependencies/advisors. If this bean does not have to be post-processed, declare it with ROLE_INFRASTRUCTURE.
2026-06-09T01:31:38.311+08:00  WARN 2652 --- [user-service] [main] trationDelegate$BeanPostProcessorChecker : Bean 'org.apache.seata.spring.boot.autoconfigure.SeataAutoConfiguration' of type [org.apache.seata.spring.boot.autoconfigure.SeataAutoConfiguration] is not eligible for getting processed by all BeanPostProcessors (for example: not eligible for auto-proxying). Is this bean getting eagerly injected/applied to a currently created BeanPostProcessor []? Check the corresponding BeanPostProcessor declaration and its dependencies/advisors. If this bean does not have to be post-processed, declare it with ROLE_INFRASTRUCTURE.
2026-06-09T01:31:38.387+08:00  WARN 2652 --- [user-service] [main] trationDelegate$BeanPostProcessorChecker : Bean 'failureHandler' of type [org.apache.seata.tm.api.DefaultFailureHandlerImpl] is not eligible for getting processed by all BeanPostProcessors (for example: not eligible for auto-proxying). Is this bean getting eagerly injected/applied to a currently created BeanPostProcessor []? Check the corresponding BeanPostProcessor declaration and its dependencies/advisors. If this bean does not have to be post-processed, declare it with ROLE_INFRASTRUCTURE.
2026-06-09T01:31:38.395+08:00  WARN 2652 --- [user-service] [main] trationDelegate$BeanPostProcessorChecker : Bean 'org.springframework.cloud.commons.config.CommonsConfigAutoConfiguration' of type [org.springframework.cloud.commons.config.CommonsConfigAutoConfiguration] is not eligible for getting processed by all BeanPostProcessors (for example: not eligible for auto-proxying). Is this bean getting eagerly injected/applied to a currently created BeanPostProcessor [globalTransactionScanner]? Check the corresponding BeanPostProcessor declaration and its dependencies/advisors. If this bean does not have to be post-processed, declare it with ROLE_INFRASTRUCTURE.
2026-06-09T01:31:38.397+08:00  WARN 2652 --- [user-service] [main] trationDelegate$BeanPostProcessorChecker : Bean 'org.springframework.cloud.client.loadbalancer.LoadBalancerDefaultMappingsProviderAutoConfiguration' of type [org.springframework.cloud.client.loadbalancer.LoadBalancerDefaultMappingsProviderAutoConfiguration] is not eligible for getting processed by all BeanPostProcessors (for example: not eligible for auto-proxying). Is this bean getting eagerly injected/applied to a currently created BeanPostProcessor [globalTransactionScanner]? Check the corresponding BeanPostProcessor declaration and its dependencies/advisors. If this bean does not have to be post-processed, declare it with ROLE_INFRASTRUCTURE.
2026-06-09T01:31:38.398+08:00  WARN 2652 --- [user-service] [main] trationDelegate$BeanPostProcessorChecker : Bean 'loadBalancerClientsDefaultsMappingsProvider' of type [org.springframework.cloud.client.loadbalancer.LoadBalancerDefaultMappingsProviderAutoConfiguration$$Lambda$737/0x0000022935560ee8] is not eligible for getting processed by all BeanPostProcessors (for example: not eligible for auto-proxying). Is this bean getting eagerly injected/applied to a currently created BeanPostProcessor [globalTransactionScanner]? Check the corresponding BeanPostProcessor declaration and its dependencies/advisors. If this bean does not have to be post-processed, declare it with ROLE_INFRASTRUCTURE.
2026-06-09T01:31:38.400+08:00  WARN 2652 --- [user-service] [main] trationDelegate$BeanPostProcessorChecker : Bean 'defaultsBindHandlerAdvisor' of type [org.springframework.cloud.commons.config.DefaultsBindHandlerAdvisor] is not eligible for getting processed by all BeanPostProcessors (for example: not eligible for auto-proxying). Is this bean getting eagerly injected/applied to a currently created BeanPostProcessor [globalTransactionScanner]? Check the corresponding BeanPostProcessor declaration and its dependencies/advisors. If this bean does not have to be post-processed, declare it with ROLE_INFRASTRUCTURE.
2026-06-09T01:31:38.408+08:00  WARN 2652 --- [user-service] [main] trationDelegate$BeanPostProcessorChecker : Bean 'springCloudAlibabaConfiguration' of type [org.apache.seata.spring.boot.autoconfigure.properties.SpringCloudAlibabaConfiguration] is not eligible for getting processed by all BeanPostProcessors (for example: not eligible for auto-proxying). Is this bean getting eagerly injected/applied to a currently created BeanPostProcessor [globalTransactionScanner]? Check the corresponding BeanPostProcessor declaration and its dependencies/advisors. If this bean does not have to be post-processed, declare it with ROLE_INFRASTRUCTURE.
2026-06-09T01:31:38.411+08:00  WARN 2652 --- [user-service] [main] trationDelegate$BeanPostProcessorChecker : Bean 'seataProperties' of type [org.apache.seata.spring.boot.autoconfigure.properties.SeataProperties] is not eligible for getting processed by all BeanPostProcessors (for example: not eligible for auto-proxying). Is this bean getting eagerly injected/applied to a currently created BeanPostProcessor [globalTransactionScanner]? Check the corresponding BeanPostProcessor declaration and its dependencies/advisors. If this bean does not have to be post-processed, declare it with ROLE_INFRASTRUCTURE.
2026-06-09T01:31:38.414+08:00  INFO 2652 --- [user-service] [main] o.a.s.s.b.a.SeataAutoConfiguration       : Automatically configure Seata
2026-06-09T01:31:38.432+08:00  INFO 2652 --- [user-service] [main] ServiceLoader$InnerEnhancedServiceLoader : Load compatible class io.seata.spring.annotation.ScannerChecker
2026-06-09T01:31:38.452+08:00  INFO 2652 --- [user-service] [main] ServiceLoader$InnerEnhancedServiceLoader : Load compatible class io.seata.integration.tx.api.remoting.RemotingParser
2026-06-09T01:31:38.453+08:00  INFO 2652 --- [user-service] [main] o.a.s.s.a.GlobalTransactionScanner       : Initializing Global Transaction Clients ... 
2026-06-09T01:31:38.570+08:00  INFO 2652 --- [user-service] [main] ServiceLoader$InnerEnhancedServiceLoader : Load compatible class io.seata.core.auth.AuthSigner
2026-06-09T01:31:38.572+08:00  INFO 2652 --- [user-service] [main] o.a.s.c.r.n.AbstractNettyRemotingClient  : register channel event listener: org.apache.seata.core.rpc.netty.TmNettyRemotingClient$2
2026-06-09T01:31:38.582+08:00  INFO 2652 --- [user-service] [main] o.a.s.c.rpc.netty.NettyClientBootstrap   : NettyClientBootstrap has started
2026-06-09T01:31:38.585+08:00  INFO 2652 --- [user-service] [main] o.a.s.d.registry.RegistryFactory         : use registry center type: nacos
2026-06-09T01:31:38.591+08:00  INFO 2652 --- [user-service] [main] ServiceLoader$InnerEnhancedServiceLoader : Load compatible class io.seata.discovery.registry.RegistryProvider
2026-06-09T01:31:38.596+08:00  INFO 2652 --- [user-service] [main] o.a.s.d.r.n.NacosRegistryServiceImpl     : Nacos naming auth properties empty.
2026-06-09T01:31:38.597+08:00  INFO 2652 --- [user-service] [main] o.a.s.d.r.n.NacosRegistryServiceImpl     : Nacos naming auth properties empty.
2026-06-09T01:31:38.615+08:00  INFO 2652 --- [user-service] [Thread-2] c.a.n.c.a.r.identify.CredentialWatcher   : null No credential found
2026-06-09T01:31:38.618+08:00  INFO 2652 --- [user-service] [main] c.a.nacos.client.logging.NacosLogging    : Nacos Logging Adapter Builder: com.alibaba.nacos.logger.adapter.logback14.LogbackNacosLoggingAdapterBuilder
2026-06-09T01:31:38.619+08:00  INFO 2652 --- [user-service] [main] c.a.nacos.client.logging.NacosLogging    : Nacos Logging Adapter: com.alibaba.nacos.logger.adapter.logback14.LogbackNacosLoggingAdapter match ch.qos.logback.classic.Logger success.
2026-06-09T01:31:38.621+08:00  INFO 2652 --- [user-service] [main] c.a.nacos.client.logging.NacosLogging    : Nacos Logging Adapter Builder: com.alibaba.nacos.logger.adapter.log4j2.Log4j2NacosLoggingAdapterBuilder
2026-06-09T01:31:38.842+08:00  INFO 2652 --- [user-service] [main] c.a.n.p.a.s.c.ClientAuthPluginManager    : [ClientAuthPluginManager] Load ClientAuthService com.alibaba.nacos.client.auth.impl.NacosClientAuthServiceImpl success.
2026-06-09T01:31:38.843+08:00  INFO 2652 --- [user-service] [main] c.a.n.p.a.s.c.ClientAuthPluginManager    : [ClientAuthPluginManager] Load ClientAuthService com.alibaba.nacos.client.auth.ram.RamClientAuthServiceImpl success.
2026-06-09T01:31:39.831+08:00  INFO 2652 --- [user-service] [main] c.a.n.c.a.AbstractAbilityControlManager  : Ready to get current node abilities...
2026-06-09T01:31:39.834+08:00  INFO 2652 --- [user-service] [main] c.a.n.c.a.AbstractAbilityControlManager  : Ready to initialize current node abilities, support modes: [SDK_CLIENT]
2026-06-09T01:31:39.835+08:00  INFO 2652 --- [user-service] [main] c.a.n.c.a.AbstractAbilityControlManager  : Initialize current abilities finish...
2026-06-09T01:31:39.836+08:00  INFO 2652 --- [user-service] [main] c.a.n.c.a.d.NacosAbilityManagerHolder    : [AbilityControlManager] Successfully initialize AbilityControlManager
2026-06-09T01:31:39.997+08:00  INFO 2652 --- [user-service] [main] o.a.s.c.r.n.NettyClientChannelManager    : will connect to 192.168.1.200:8091
2026-06-09T01:31:40.053+08:00  INFO 2652 --- [user-service] [main] o.a.s.c.rpc.netty.NettyPoolableFactory   : NettyPool create channel to transactionRole:TMROLE,address:192.168.1.200:8091,msg:< RegisterTMRequest{version='2.5.0', applicationId='user-service', transactionServiceGroup='blog', extraData='ak=null
digest=blog,192.168.1.200,1780939900051
timestamp=1780939900051
authVersion=V4
vgroup=blog
ip=192.168.1.200
'} >
2026-06-09T01:31:40.267+08:00  INFO 2652 --- [user-service] [NettyClientSelector_TMROLE_1_1_16] ServiceLoader$InnerEnhancedServiceLoader : Load compatible class io.seata.core.serializer.Serializer
2026-06-09T01:31:40.913+08:00  INFO 2652 --- [user-service] [main] o.a.s.c.rpc.netty.TmNettyRemotingClient  : register TM success. client version:2.5.0, server version:2.5.0,channel:[id: 0x338a6886, L:/192.168.1.200:52083 - R:/192.168.1.200:8091]
2026-06-09T01:31:40.923+08:00  INFO 2652 --- [user-service] [main] o.a.s.c.rpc.netty.NettyPoolableFactory   : register success, cost 704 ms, version:2.5.0,role:TMROLE,channel:[id: 0x338a6886, L:/192.168.1.200:52083 - R:/192.168.1.200:8091]
2026-06-09T01:31:40.925+08:00  INFO 2652 --- [user-service] [main] o.a.s.s.a.GlobalTransactionScanner       : Transaction Manager Client is initialized. applicationId[user-service] txServiceGroup[blog]
2026-06-09T01:31:40.979+08:00  INFO 2652 --- [user-service] [main] ServiceLoader$InnerEnhancedServiceLoader : Load compatible class io.seata.core.model.ResourceManager
2026-06-09T01:31:40.984+08:00  INFO 2652 --- [user-service] [main] o.a.seata.rm.datasource.AsyncWorker      : Async Commit Buffer Limit: 10000
2026-06-09T01:31:40.985+08:00  INFO 2652 --- [user-service] [main] o.a.s.r.datasource.xa.ResourceManagerXA  : ResourceManagerXA init ...
2026-06-09T01:31:40.994+08:00  INFO 2652 --- [user-service] [main] o.a.s.c.rpc.netty.NettyClientBootstrap   : NettyClientBootstrap has started
2026-06-09T01:31:40.995+08:00  INFO 2652 --- [user-service] [main] o.a.s.c.r.n.AbstractNettyRemotingClient  : register channel event listener: org.apache.seata.core.rpc.netty.RmNettyRemotingClient$1
2026-06-09T01:31:40.995+08:00  INFO 2652 --- [user-service] [main] o.a.s.s.a.GlobalTransactionScanner       : Resource Manager is initialized. applicationId[user-service] txServiceGroup[blog]
2026-06-09T01:31:40.995+08:00  INFO 2652 --- [user-service] [main] o.a.s.s.a.GlobalTransactionScanner       : Global Transaction Clients are initialized. 
2026-06-09T01:31:41.065+08:00  INFO 2652 --- [user-service] [main] o.a.s.s.a.GlobalTransactionScanner       : The needed enhancement business beans are : [userServiceImpl]
2026-06-09T01:31:41.079+08:00  INFO 2652 --- [user-service] [main] ServiceLoader$InnerEnhancedServiceLoader : Load compatible class io.seata.core.context.ContextCore
2026-06-09T01:31:41.686+08:00  INFO 2652 --- [user-service] [main] o.s.b.w.embedded.tomcat.TomcatWebServer  : Tomcat initialized with port 28080 (http)
2026-06-09T01:31:41.707+08:00  INFO 2652 --- [user-service] [main] o.apache.catalina.core.StandardService   : Starting service [Tomcat]
2026-06-09T01:31:41.709+08:00  INFO 2652 --- [user-service] [main] o.apache.catalina.core.StandardEngine    : Starting Servlet engine: [Apache Tomcat/10.1.54]
2026-06-09T01:31:41.797+08:00  INFO 2652 --- [user-service] [main] o.a.c.c.C.[Tomcat].[localhost].[/]       : Initializing Spring embedded WebApplicationContext
2026-06-09T01:31:41.797+08:00  INFO 2652 --- [user-service] [main] w.s.c.ServletWebServerApplicationContext : Root WebApplicationContext: initialization completed in 5501 ms
2026-06-09T01:31:41.996+08:00 DEBUG 2652 --- [user-service] [main] com.wearsky.demo.user.common.JwtUtil     : 初始化JwtUtil
2026-06-09T01:31:42.148+08:00  INFO 2652 --- [user-service] [main] com.zaxxer.hikari.HikariDataSource       : HikariPool-1 - Starting...
2026-06-09T01:31:42.786+08:00  INFO 2652 --- [user-service] [main] com.zaxxer.hikari.pool.HikariPool        : HikariPool-1 - Added connection com.mysql.cj.jdbc.ConnectionImpl@28b47211
2026-06-09T01:31:42.789+08:00  INFO 2652 --- [user-service] [main] com.zaxxer.hikari.HikariDataSource       : HikariPool-1 - Start completed.
2026-06-09T01:31:42.999+08:00  INFO 2652 --- [user-service] [main] o.a.s.c.r.n.NettyClientChannelManager    : will connect to 192.168.1.200:8091
2026-06-09T01:31:42.999+08:00  INFO 2652 --- [user-service] [main] o.a.s.c.rpc.netty.RmNettyRemotingClient  : RM will register :jdbc:mysql://localhost:3306/user_service
2026-06-09T01:31:43.000+08:00  INFO 2652 --- [user-service] [main] o.a.s.c.rpc.netty.NettyPoolableFactory   : NettyPool create channel to transactionRole:RMROLE,address:192.168.1.200:8091,msg:< RegisterRMRequest{resourceIds='jdbc:mysql://localhost:3306/user_service', version='2.5.0', applicationId='user-service', transactionServiceGroup='blog', extraData='null'} >
2026-06-09T01:31:43.034+08:00  INFO 2652 --- [user-service] [main] o.a.s.c.rpc.netty.RmNettyRemotingClient  : register RM success. client version:2.5.0, server version:2.5.0,channel:[id: 0x2a8a8b75, L:/192.168.1.200:52089 - R:/192.168.1.200:8091]
2026-06-09T01:31:43.035+08:00  INFO 2652 --- [user-service] [main] o.a.s.c.rpc.netty.NettyPoolableFactory   : register success, cost 33 ms, version:2.5.0,role:RMROLE,channel:[id: 0x2a8a8b75, L:/192.168.1.200:52089 - R:/192.168.1.200:8091]
2026-06-09T01:31:43.040+08:00  INFO 2652 --- [user-service] [main] .s.s.a.d.SeataAutoDataSourceProxyCreator : Auto proxy data source 'dataSource' by 'AT' mode.
2026-06-09T01:31:44.233+08:00  INFO 2652 --- [user-service] [main] o.s.c.openfeign.FeignClientFactoryBean   : For 'blog-service' URL not provided. Will try picking an instance via load-balancing.
2026-06-09T01:31:44.572+08:00  INFO 2652 --- [user-service] [main] o.a.s.s.a.GlobalTransactionScanner       : Bean [com.wearsky.demo.user.service.impl.UserServiceImpl$$SpringCGLIB$$0] with name [userServiceImpl] would use interceptor [org.apache.seata.integration.tx.api.interceptor.handler.GlobalTransactionalInterceptorHandler]
2026-06-09T01:31:44.573+08:00  WARN 2652 --- [user-service] [main] o.a.s.s.a.GlobalTransactionScanner       : The AdapterSpringSeataInterceptor's order '2147483647' is lower or equals than TransactionInterceptor's order '2147483647' , reset AdapterSpringSeataInterceptor's order to higher order '2147483646'.
2026-06-09T01:31:44.772+08:00  INFO 2652 --- [user-service] [main] r$InitializeUserDetailsManagerConfigurer : Global AuthenticationManager configured with UserDetailsService bean with name userDetailsService
2026-06-09T01:31:45.682+08:00  INFO 2652 --- [user-service] [main] m.e.s.MybatisPlusApplicationContextAware : Register ApplicationContext instances org.springframework.boot.web.servlet.context.AnnotationConfigServletWebServerApplicationContext@1f9d6c7b
2026-06-09T01:31:46.807+08:00  INFO 2652 --- [user-service] [main] o.s.b.w.embedded.tomcat.TomcatWebServer  : Tomcat started on port 28080 (http) with context path '/'
2026-06-09T01:31:46.813+08:00  INFO 2652 --- [user-service] [main] c.a.n.p.a.s.c.ClientAuthPluginManager    : [ClientAuthPluginManager] Load ClientAuthService com.alibaba.nacos.client.auth.impl.NacosClientAuthServiceImpl success.
2026-06-09T01:31:46.814+08:00  INFO 2652 --- [user-service] [main] c.a.n.p.a.s.c.ClientAuthPluginManager    : [ClientAuthPluginManager] Load ClientAuthService com.alibaba.nacos.client.auth.ram.RamClientAuthServiceImpl success.
2026-06-09T01:31:46.859+08:00  INFO 2652 --- [user-service] [main] c.a.c.n.registry.NacosServiceRegistry    : nacos registry, DEFAULT_GROUP user-service 192.168.1.200:28080 register finished
2026-06-09T01:31:46.951+08:00  INFO 2652 --- [user-service] [main] c.w.demo.user.UserServiceApplication     : Started UserServiceApplication in 11.892 seconds (process running for 13.173)
2026-06-09T01:32:26.007+08:00  INFO 2652 --- [user-service] [http-nio-28080-exec-3] o.a.c.c.C.[Tomcat].[localhost].[/]       : Initializing Spring DispatcherServlet 'dispatcherServlet'
2026-06-09T01:32:26.007+08:00  INFO 2652 --- [user-service] [http-nio-28080-exec-3] o.s.web.servlet.DispatcherServlet        : Initializing Servlet 'dispatcherServlet'
2026-06-09T01:32:26.008+08:00  INFO 2652 --- [user-service] [http-nio-28080-exec-3] o.s.web.servlet.DispatcherServlet        : Completed initialization in 1 ms
2026-06-09T01:32:26.627+08:00  INFO 2652 --- [user-service] [http-nio-28080-exec-9] o.springdoc.api.AbstractOpenApiResource  : Init duration for springdoc-openapi is: 279 ms
2026-06-09T01:32:46.221+08:00  INFO 2652 --- [user-service] [rpcDispatch_RMROLE_1_1_16] o.a.s.c.r.p.client.RmUndoLogProcessor    : rm handle undo log process:UndoLogDeleteRequest{resourceId='jdbc:mysql://localhost:3306/user_service', saveDays=7, branchType=AT}
2026-06-09T01:33:13.141+08:00 DEBUG 2652 --- [user-service] [http-nio-28080-exec-1] c.w.d.u.m.RoleMapper.selectList_mpCount  : ==>  Preparing: SELECT COUNT(*) AS total FROM role
2026-06-09T01:33:13.155+08:00 DEBUG 2652 --- [user-service] [http-nio-28080-exec-1] c.w.d.u.m.RoleMapper.selectList_mpCount  : ==> Parameters: 
2026-06-09T01:33:13.179+08:00 DEBUG 2652 --- [user-service] [http-nio-28080-exec-1] c.w.d.u.m.RoleMapper.selectList_mpCount  : <==      Total: 1
2026-06-09T01:33:13.183+08:00 DEBUG 2652 --- [user-service] [http-nio-28080-exec-1] c.w.d.user.mapper.RoleMapper.selectList  : ==>  Preparing: SELECT id,name,code,description,created_at,updated_at FROM role ORDER BY created_at DESC LIMIT ?
2026-06-09T01:33:13.183+08:00 DEBUG 2652 --- [user-service] [http-nio-28080-exec-1] c.w.d.user.mapper.RoleMapper.selectList  : ==> Parameters: 5(Long)
2026-06-09T01:33:13.193+08:00 DEBUG 2652 --- [user-service] [http-nio-28080-exec-1] c.w.d.user.mapper.RoleMapper.selectList  : <==      Total: 2
2026-06-09T01:33:20.279+08:00 DEBUG 2652 --- [user-service] [http-nio-28080-exec-10] c.w.d.u.m.P.selectList_mpCount           : ==>  Preparing: SELECT COUNT(*) AS total FROM permission
2026-06-09T01:33:20.280+08:00 DEBUG 2652 --- [user-service] [http-nio-28080-exec-10] c.w.d.u.m.P.selectList_mpCount           : ==> Parameters: 
2026-06-09T01:33:20.285+08:00 DEBUG 2652 --- [user-service] [http-nio-28080-exec-10] c.w.d.u.m.P.selectList_mpCount           : <==      Total: 1
2026-06-09T01:33:20.285+08:00 DEBUG 2652 --- [user-service] [http-nio-28080-exec-10] c.w.d.u.m.PermissionMapper.selectList    : ==>  Preparing: SELECT id,name,code,description,created_at,updated_at FROM permission ORDER BY created_at DESC LIMIT ?
2026-06-09T01:33:20.286+08:00 DEBUG 2652 --- [user-service] [http-nio-28080-exec-10] c.w.d.u.m.PermissionMapper.selectList    : ==> Parameters: 5(Long)
2026-06-09T01:33:20.289+08:00 DEBUG 2652 --- [user-service] [http-nio-28080-exec-10] c.w.d.u.m.PermissionMapper.selectList    : <==      Total: 5
2026-06-09T01:33:42.464+08:00 DEBUG 2652 --- [user-service] [http-nio-28080-exec-8] c.w.d.u.m.P.selectList_mpCount           : ==>  Preparing: SELECT COUNT(*) AS total FROM permission
2026-06-09T01:33:42.464+08:00 DEBUG 2652 --- [user-service] [http-nio-28080-exec-8] c.w.d.u.m.P.selectList_mpCount           : ==> Parameters: 
2026-06-09T01:33:42.466+08:00 DEBUG 2652 --- [user-service] [http-nio-28080-exec-8] c.w.d.u.m.P.selectList_mpCount           : <==      Total: 1
2026-06-09T01:33:42.466+08:00 DEBUG 2652 --- [user-service] [http-nio-28080-exec-8] c.w.d.u.m.PermissionMapper.selectList    : ==>  Preparing: SELECT id,name,code,description,created_at,updated_at FROM permission ORDER BY created_at DESC LIMIT ?
2026-06-09T01:33:42.467+08:00 DEBUG 2652 --- [user-service] [http-nio-28080-exec-8] c.w.d.u.m.PermissionMapper.selectList    : ==> Parameters: 10(Long)
2026-06-09T01:33:42.472+08:00 DEBUG 2652 --- [user-service] [http-nio-28080-exec-8] c.w.d.u.m.PermissionMapper.selectList    : <==      Total: 8
2026-06-09T01:33:51.563+08:00 DEBUG 2652 --- [user-service] [http-nio-28080-exec-3] c.w.d.u.m.UserMapper.selectList_mpCount  : ==>  Preparing: SELECT COUNT(*) AS total FROM user WHERE deleted = 0
2026-06-09T01:33:51.564+08:00 DEBUG 2652 --- [user-service] [http-nio-28080-exec-3] c.w.d.u.m.UserMapper.selectList_mpCount  : ==> Parameters: 
2026-06-09T01:33:51.572+08:00 DEBUG 2652 --- [user-service] [http-nio-28080-exec-3] c.w.d.u.m.UserMapper.selectList_mpCount  : <==      Total: 1
2026-06-09T01:33:51.573+08:00 DEBUG 2652 --- [user-service] [http-nio-28080-exec-3] c.w.d.user.mapper.UserMapper.selectList  : ==>  Preparing: SELECT id,username,password,nickname,email,phone,avatar,deleted,created_at,updated_at FROM user WHERE deleted=0 LIMIT ?
2026-06-09T01:33:51.574+08:00 DEBUG 2652 --- [user-service] [http-nio-28080-exec-3] c.w.d.user.mapper.UserMapper.selectList  : ==> Parameters: 5(Long)
2026-06-09T01:33:51.580+08:00 DEBUG 2652 --- [user-service] [http-nio-28080-exec-3] c.w.d.user.mapper.UserMapper.selectList  : <==      Total: 3
2026-06-09T01:57:56.503+08:00 DEBUG 2652 --- [user-service] [http-nio-28080-exec-2] c.w.d.user.mapper.UserMapper.selectList  : ==>  Preparing: SELECT id,username,password,nickname,email,phone,avatar,deleted,created_at,updated_at FROM user WHERE deleted=0 AND (username = ?)
2026-06-09T01:57:56.504+08:00 DEBUG 2652 --- [user-service] [http-nio-28080-exec-2] c.w.d.user.mapper.UserMapper.selectList  : ==> Parameters: sanjiu(String)
2026-06-09T01:57:56.511+08:00 DEBUG 2652 --- [user-service] [http-nio-28080-exec-2] c.w.d.user.mapper.UserMapper.selectList  : <==      Total: 1
2026-06-09T01:57:56.582+08:00 DEBUG 2652 --- [user-service] [http-nio-28080-exec-2] c.w.d.u.m.RoleMapper.selectCodeByUserId  : ==>  Preparing: select code from role inner join user_role on role.id = user_role.role_id where user_role.user_id = ?
2026-06-09T01:57:56.582+08:00 DEBUG 2652 --- [user-service] [http-nio-28080-exec-2] c.w.d.u.m.RoleMapper.selectCodeByUserId  : ==> Parameters: 3(Long)
2026-06-09T01:57:56.590+08:00 DEBUG 2652 --- [user-service] [http-nio-28080-exec-2] c.w.d.u.m.RoleMapper.selectCodeByUserId  : <==      Total: 1
2026-06-09T01:57:56.591+08:00 DEBUG 2652 --- [user-service] [http-nio-28080-exec-2] c.w.d.u.m.P.selectCodeByUserId           : ==>  Preparing: select distinct p.code from permission p inner join role_permission rp on p.id = rp.permission_id inner join user_role ur on rp.role_id = ur.role_id where ur.user_id = ?
2026-06-09T01:57:56.591+08:00 DEBUG 2652 --- [user-service] [http-nio-28080-exec-2] c.w.d.u.m.P.selectCodeByUserId           : ==> Parameters: 3(Long)
2026-06-09T01:57:56.600+08:00 DEBUG 2652 --- [user-service] [http-nio-28080-exec-2] c.w.d.u.m.P.selectCodeByUserId           : <==      Total: 6
2026-06-09T01:57:56.787+08:00 DEBUG 2652 --- [user-service] [http-nio-28080-exec-9] c.w.d.user.mapper.UserMapper.selectById  : ==>  Preparing: SELECT id,username,password,nickname,email,phone,avatar,deleted,created_at,updated_at FROM user WHERE id=? AND deleted=0
2026-06-09T01:57:56.787+08:00 DEBUG 2652 --- [user-service] [http-nio-28080-exec-9] c.w.d.user.mapper.UserMapper.selectById  : ==> Parameters: 3(Long)
2026-06-09T01:57:56.789+08:00 DEBUG 2652 --- [user-service] [http-nio-28080-exec-9] c.w.d.user.mapper.UserMapper.selectById  : <==      Total: 1
2026-06-09T01:57:59.006+08:00 DEBUG 2652 --- [user-service] [http-nio-28080-exec-6] c.w.d.user.mapper.UserMapper.selectById  : ==>  Preparing: SELECT id,username,password,nickname,email,phone,avatar,deleted,created_at,updated_at FROM user WHERE id=? AND deleted=0
2026-06-09T01:57:59.006+08:00 DEBUG 2652 --- [user-service] [http-nio-28080-exec-6] c.w.d.user.mapper.UserMapper.selectById  : ==> Parameters: 3(Long)
2026-06-09T01:57:59.008+08:00 DEBUG 2652 --- [user-service] [http-nio-28080-exec-6] c.w.d.user.mapper.UserMapper.selectById  : <==      Total: 1
2026-06-09T01:58:07.552+08:00 DEBUG 2652 --- [user-service] [http-nio-28080-exec-4] c.w.d.user.mapper.UserMapper.selectById  : ==>  Preparing: SELECT id,username,password,nickname,email,phone,avatar,deleted,created_at,updated_at FROM user WHERE id=? AND deleted=0
2026-06-09T01:58:07.552+08:00 DEBUG 2652 --- [user-service] [http-nio-28080-exec-4] c.w.d.user.mapper.UserMapper.selectById  : ==> Parameters: 3(Long)
2026-06-09T01:58:07.554+08:00 DEBUG 2652 --- [user-service] [http-nio-28080-exec-4] c.w.d.user.mapper.UserMapper.selectById  : <==      Total: 1
2026-06-09T01:58:10.987+08:00 DEBUG 2652 --- [user-service] [http-nio-28080-exec-1] c.w.d.user.mapper.UserMapper.selectById  : ==>  Preparing: SELECT id,username,password,nickname,email,phone,avatar,deleted,created_at,updated_at FROM user WHERE id=? AND deleted=0
2026-06-09T01:58:10.988+08:00 DEBUG 2652 --- [user-service] [http-nio-28080-exec-1] c.w.d.user.mapper.UserMapper.selectById  : ==> Parameters: 3(Long)
2026-06-09T01:58:10.989+08:00 DEBUG 2652 --- [user-service] [http-nio-28080-exec-1] c.w.d.user.mapper.UserMapper.selectById  : <==      Total: 1
2026-06-09T01:58:11.003+08:00 DEBUG 2652 --- [user-service] [http-nio-28080-exec-8] c.w.d.user.mapper.UserMapper.selectById  : ==>  Preparing: SELECT id,username,password,nickname,email,phone,avatar,deleted,created_at,updated_at FROM user WHERE id=? AND deleted=0
2026-06-09T01:58:11.004+08:00 DEBUG 2652 --- [user-service] [http-nio-28080-exec-8] c.w.d.user.mapper.UserMapper.selectById  : ==> Parameters: 3(Long)
2026-06-09T01:58:11.009+08:00 DEBUG 2652 --- [user-service] [http-nio-28080-exec-8] c.w.d.user.mapper.UserMapper.selectById  : <==      Total: 1
2026-06-09T01:58:22.554+08:00 DEBUG 2652 --- [user-service] [http-nio-28080-exec-5] c.w.d.user.mapper.UserMapper.selectById  : ==>  Preparing: SELECT id,username,password,nickname,email,phone,avatar,deleted,created_at,updated_at FROM user WHERE id=? AND deleted=0
2026-06-09T01:58:22.555+08:00 DEBUG 2652 --- [user-service] [http-nio-28080-exec-5] c.w.d.user.mapper.UserMapper.selectById  : ==> Parameters: 3(Long)
2026-06-09T01:58:22.556+08:00 DEBUG 2652 --- [user-service] [http-nio-28080-exec-5] c.w.d.user.mapper.UserMapper.selectById  : <==      Total: 1
2026-06-09T01:58:22.623+08:00 DEBUG 2652 --- [user-service] [http-nio-28080-exec-10] c.w.d.user.mapper.UserMapper.selectById  : ==>  Preparing: SELECT id,username,password,nickname,email,phone,avatar,deleted,created_at,updated_at FROM user WHERE id=? AND deleted=0
2026-06-09T01:58:22.623+08:00 DEBUG 2652 --- [user-service] [http-nio-28080-exec-10] c.w.d.user.mapper.UserMapper.selectById  : ==> Parameters: 3(Long)
2026-06-09T01:58:22.625+08:00 DEBUG 2652 --- [user-service] [http-nio-28080-exec-10] c.w.d.user.mapper.UserMapper.selectById  : <==      Total: 1
2026-06-09T01:58:22.637+08:00 DEBUG 2652 --- [user-service] [http-nio-28080-exec-7] c.w.d.user.mapper.UserMapper.selectById  : ==>  Preparing: SELECT id,username,password,nickname,email,phone,avatar,deleted,created_at,updated_at FROM user WHERE id=? AND deleted=0
2026-06-09T01:58:22.638+08:00 DEBUG 2652 --- [user-service] [http-nio-28080-exec-7] c.w.d.user.mapper.UserMapper.selectById  : ==> Parameters: 3(Long)
2026-06-09T01:58:22.640+08:00 DEBUG 2652 --- [user-service] [http-nio-28080-exec-7] c.w.d.user.mapper.UserMapper.selectById  : <==      Total: 1
2026-06-09T01:58:25.086+08:00 DEBUG 2652 --- [user-service] [http-nio-28080-exec-3] c.w.d.user.mapper.UserMapper.selectById  : ==>  Preparing: SELECT id,username,password,nickname,email,phone,avatar,deleted,created_at,updated_at FROM user WHERE id=? AND deleted=0
2026-06-09T01:58:25.087+08:00 DEBUG 2652 --- [user-service] [http-nio-28080-exec-3] c.w.d.user.mapper.UserMapper.selectById  : ==> Parameters: 3(Long)
2026-06-09T01:58:25.090+08:00 DEBUG 2652 --- [user-service] [http-nio-28080-exec-3] c.w.d.user.mapper.UserMapper.selectById  : <==      Total: 1
2026-06-09T01:58:25.120+08:00 DEBUG 2652 --- [user-service] [http-nio-28080-exec-2] c.w.d.user.mapper.UserMapper.selectById  : ==>  Preparing: SELECT id,username,password,nickname,email,phone,avatar,deleted,created_at,updated_at FROM user WHERE id=? AND deleted=0
2026-06-09T01:58:25.120+08:00 DEBUG 2652 --- [user-service] [http-nio-28080-exec-2] c.w.d.user.mapper.UserMapper.selectById  : ==> Parameters: 3(Long)
2026-06-09T01:58:25.122+08:00 DEBUG 2652 --- [user-service] [http-nio-28080-exec-2] c.w.d.user.mapper.UserMapper.selectById  : <==      Total: 1
2026-06-09T01:58:25.135+08:00 DEBUG 2652 --- [user-service] [http-nio-28080-exec-9] c.w.d.user.mapper.UserMapper.selectById  : ==>  Preparing: SELECT id,username,password,nickname,email,phone,avatar,deleted,created_at,updated_at FROM user WHERE id=? AND deleted=0
2026-06-09T01:58:25.136+08:00 DEBUG 2652 --- [user-service] [http-nio-28080-exec-9] c.w.d.user.mapper.UserMapper.selectById  : ==> Parameters: 3(Long)
2026-06-09T01:58:25.139+08:00 DEBUG 2652 --- [user-service] [http-nio-28080-exec-9] c.w.d.user.mapper.UserMapper.selectById  : <==      Total: 1
2026-06-09T01:58:31.014+08:00 DEBUG 2652 --- [user-service] [http-nio-28080-exec-6] c.w.d.user.mapper.UserMapper.selectById  : ==>  Preparing: SELECT id,username,password,nickname,email,phone,avatar,deleted,created_at,updated_at FROM user WHERE id=? AND deleted=0
2026-06-09T01:58:31.014+08:00 DEBUG 2652 --- [user-service] [http-nio-28080-exec-6] c.w.d.user.mapper.UserMapper.selectById  : ==> Parameters: 3(Long)
2026-06-09T01:58:31.020+08:00 DEBUG 2652 --- [user-service] [http-nio-28080-exec-6] c.w.d.user.mapper.UserMapper.selectById  : <==      Total: 1
2026-06-09T01:58:31.049+08:00 DEBUG 2652 --- [user-service] [http-nio-28080-exec-4] c.w.d.user.mapper.UserMapper.selectById  : ==>  Preparing: SELECT id,username,password,nickname,email,phone,avatar,deleted,created_at,updated_at FROM user WHERE id=? AND deleted=0
2026-06-09T01:58:31.050+08:00 DEBUG 2652 --- [user-service] [http-nio-28080-exec-4] c.w.d.user.mapper.UserMapper.selectById  : ==> Parameters: 3(Long)
2026-06-09T01:58:31.054+08:00 DEBUG 2652 --- [user-service] [http-nio-28080-exec-4] c.w.d.user.mapper.UserMapper.selectById  : <==      Total: 1
2026-06-09T01:58:31.070+08:00 DEBUG 2652 --- [user-service] [http-nio-28080-exec-1] c.w.d.user.mapper.UserMapper.selectById  : ==>  Preparing: SELECT id,username,password,nickname,email,phone,avatar,deleted,created_at,updated_at FROM user WHERE id=? AND deleted=0
2026-06-09T01:58:31.071+08:00 DEBUG 2652 --- [user-service] [http-nio-28080-exec-1] c.w.d.user.mapper.UserMapper.selectById  : ==> Parameters: 3(Long)
2026-06-09T01:58:31.073+08:00 DEBUG 2652 --- [user-service] [http-nio-28080-exec-1] c.w.d.user.mapper.UserMapper.selectById  : <==      Total: 1
2026-06-09T01:58:34.906+08:00 DEBUG 2652 --- [user-service] [http-nio-28080-exec-8] c.w.d.user.mapper.UserMapper.selectById  : ==>  Preparing: SELECT id,username,password,nickname,email,phone,avatar,deleted,created_at,updated_at FROM user WHERE id=? AND deleted=0
2026-06-09T01:58:34.907+08:00 DEBUG 2652 --- [user-service] [http-nio-28080-exec-8] c.w.d.user.mapper.UserMapper.selectById  : ==> Parameters: 3(Long)
2026-06-09T01:58:34.909+08:00 DEBUG 2652 --- [user-service] [http-nio-28080-exec-8] c.w.d.user.mapper.UserMapper.selectById  : <==      Total: 1
2026-06-09T01:58:34.937+08:00 DEBUG 2652 --- [user-service] [http-nio-28080-exec-5] c.w.d.user.mapper.UserMapper.selectById  : ==>  Preparing: SELECT id,username,password,nickname,email,phone,avatar,deleted,created_at,updated_at FROM user WHERE id=? AND deleted=0
2026-06-09T01:58:34.938+08:00 DEBUG 2652 --- [user-service] [http-nio-28080-exec-5] c.w.d.user.mapper.UserMapper.selectById  : ==> Parameters: 3(Long)
2026-06-09T01:58:34.939+08:00 DEBUG 2652 --- [user-service] [http-nio-28080-exec-5] c.w.d.user.mapper.UserMapper.selectById  : <==      Total: 1
2026-06-09T01:58:34.953+08:00 DEBUG 2652 --- [user-service] [http-nio-28080-exec-10] c.w.d.user.mapper.UserMapper.selectById  : ==>  Preparing: SELECT id,username,password,nickname,email,phone,avatar,deleted,created_at,updated_at FROM user WHERE id=? AND deleted=0
2026-06-09T01:58:34.954+08:00 DEBUG 2652 --- [user-service] [http-nio-28080-exec-10] c.w.d.user.mapper.UserMapper.selectById  : ==> Parameters: 3(Long)
2026-06-09T01:58:34.956+08:00 DEBUG 2652 --- [user-service] [http-nio-28080-exec-10] c.w.d.user.mapper.UserMapper.selectById  : <==      Total: 1
2026-06-09T02:04:34.671+08:00 DEBUG 2652 --- [user-service] [http-nio-28080-exec-2] c.w.d.user.mapper.UserMapper.selectById  : ==>  Preparing: SELECT id,username,password,nickname,email,phone,avatar,deleted,created_at,updated_at FROM user WHERE id=? AND deleted=0
2026-06-09T02:04:34.672+08:00 DEBUG 2652 --- [user-service] [http-nio-28080-exec-2] c.w.d.user.mapper.UserMapper.selectById  : ==> Parameters: 3(Long)
2026-06-09T02:04:34.679+08:00 DEBUG 2652 --- [user-service] [http-nio-28080-exec-2] c.w.d.user.mapper.UserMapper.selectById  : <==      Total: 1
2026-06-09T02:04:37.991+08:00 DEBUG 2652 --- [user-service] [http-nio-28080-exec-9] c.w.d.user.mapper.UserMapper.selectById  : ==>  Preparing: SELECT id,username,password,nickname,email,phone,avatar,deleted,created_at,updated_at FROM user WHERE id=? AND deleted=0
2026-06-09T02:04:37.992+08:00 DEBUG 2652 --- [user-service] [http-nio-28080-exec-9] c.w.d.user.mapper.UserMapper.selectById  : ==> Parameters: 3(Long)
2026-06-09T02:04:37.994+08:00 DEBUG 2652 --- [user-service] [http-nio-28080-exec-9] c.w.d.user.mapper.UserMapper.selectById  : <==      Total: 1
2026-06-09T02:04:38.009+08:00 DEBUG 2652 --- [user-service] [http-nio-28080-exec-6] c.w.d.user.mapper.UserMapper.selectById  : ==>  Preparing: SELECT id,username,password,nickname,email,phone,avatar,deleted,created_at,updated_at FROM user WHERE id=? AND deleted=0
2026-06-09T02:04:38.009+08:00 DEBUG 2652 --- [user-service] [http-nio-28080-exec-6] c.w.d.user.mapper.UserMapper.selectById  : ==> Parameters: 3(Long)
2026-06-09T02:04:38.012+08:00 DEBUG 2652 --- [user-service] [http-nio-28080-exec-6] c.w.d.user.mapper.UserMapper.selectById  : <==      Total: 1
2026-06-09T02:05:24.356+08:00 DEBUG 2652 --- [user-service] [http-nio-28080-exec-4] c.w.d.user.mapper.UserMapper.selectById  : ==>  Preparing: SELECT id,username,password,nickname,email,phone,avatar,deleted,created_at,updated_at FROM user WHERE id=? AND deleted=0
2026-06-09T02:05:24.356+08:00 DEBUG 2652 --- [user-service] [http-nio-28080-exec-4] c.w.d.user.mapper.UserMapper.selectById  : ==> Parameters: 3(Long)
2026-06-09T02:05:24.359+08:00 DEBUG 2652 --- [user-service] [http-nio-28080-exec-4] c.w.d.user.mapper.UserMapper.selectById  : <==      Total: 1
2026-06-09T02:05:24.397+08:00 DEBUG 2652 --- [user-service] [http-nio-28080-exec-1] c.w.d.user.mapper.UserMapper.selectById  : ==>  Preparing: SELECT id,username,password,nickname,email,phone,avatar,deleted,created_at,updated_at FROM user WHERE id=? AND deleted=0
2026-06-09T02:05:24.397+08:00 DEBUG 2652 --- [user-service] [http-nio-28080-exec-1] c.w.d.user.mapper.UserMapper.selectById  : ==> Parameters: 3(Long)
2026-06-09T02:05:24.399+08:00 DEBUG 2652 --- [user-service] [http-nio-28080-exec-1] c.w.d.user.mapper.UserMapper.selectById  : <==      Total: 1
2026-06-09T02:05:24.413+08:00 DEBUG 2652 --- [user-service] [http-nio-28080-exec-8] c.w.d.user.mapper.UserMapper.selectById  : ==>  Preparing: SELECT id,username,password,nickname,email,phone,avatar,deleted,created_at,updated_at FROM user WHERE id=? AND deleted=0
2026-06-09T02:05:24.413+08:00 DEBUG 2652 --- [user-service] [http-nio-28080-exec-8] c.w.d.user.mapper.UserMapper.selectById  : ==> Parameters: 3(Long)
2026-06-09T02:05:24.415+08:00 DEBUG 2652 --- [user-service] [http-nio-28080-exec-8] c.w.d.user.mapper.UserMapper.selectById  : <==      Total: 1
2026-06-09T03:57:30.973+08:00 DEBUG 2652 --- [user-service] [http-nio-28080-exec-7] c.w.d.user.mapper.UserMapper.selectList  : ==>  Preparing: SELECT id,username,password,nickname,email,phone,avatar,deleted,created_at,updated_at FROM user WHERE deleted=0 AND (username = ?)
2026-06-09T03:57:30.976+08:00 DEBUG 2652 --- [user-service] [http-nio-28080-exec-7] c.w.d.user.mapper.UserMapper.selectList  : ==> Parameters: sanjiu(String)
2026-06-09T03:57:30.981+08:00 DEBUG 2652 --- [user-service] [http-nio-28080-exec-7] c.w.d.user.mapper.UserMapper.selectList  : <==      Total: 1
2026-06-09T03:57:31.050+08:00 DEBUG 2652 --- [user-service] [http-nio-28080-exec-7] c.w.d.u.m.RoleMapper.selectCodeByUserId  : ==>  Preparing: select code from role inner join user_role on role.id = user_role.role_id where user_role.user_id = ?
2026-06-09T03:57:31.050+08:00 DEBUG 2652 --- [user-service] [http-nio-28080-exec-7] c.w.d.u.m.RoleMapper.selectCodeByUserId  : ==> Parameters: 3(Long)
2026-06-09T03:57:31.053+08:00 DEBUG 2652 --- [user-service] [http-nio-28080-exec-7] c.w.d.u.m.RoleMapper.selectCodeByUserId  : <==      Total: 1
2026-06-09T03:57:31.053+08:00 DEBUG 2652 --- [user-service] [http-nio-28080-exec-7] c.w.d.u.m.P.selectCodeByUserId           : ==>  Preparing: select distinct p.code from permission p inner join role_permission rp on p.id = rp.permission_id inner join user_role ur on rp.role_id = ur.role_id where ur.user_id = ?
2026-06-09T03:57:31.053+08:00 DEBUG 2652 --- [user-service] [http-nio-28080-exec-7] c.w.d.u.m.P.selectCodeByUserId           : ==> Parameters: 3(Long)
2026-06-09T03:57:31.057+08:00 DEBUG 2652 --- [user-service] [http-nio-28080-exec-7] c.w.d.u.m.P.selectCodeByUserId           : <==      Total: 6
2026-06-09T03:57:31.098+08:00 DEBUG 2652 --- [user-service] [http-nio-28080-exec-3] c.w.d.user.mapper.UserMapper.selectById  : ==>  Preparing: SELECT id,username,password,nickname,email,phone,avatar,deleted,created_at,updated_at FROM user WHERE id=? AND deleted=0
2026-06-09T03:57:31.099+08:00 DEBUG 2652 --- [user-service] [http-nio-28080-exec-3] c.w.d.user.mapper.UserMapper.selectById  : ==> Parameters: 3(Long)
2026-06-09T03:57:31.101+08:00 DEBUG 2652 --- [user-service] [http-nio-28080-exec-3] c.w.d.user.mapper.UserMapper.selectById  : <==      Total: 1
2026-06-09T03:57:34.478+08:00 DEBUG 2652 --- [user-service] [http-nio-28080-exec-2] c.w.d.user.mapper.UserMapper.selectById  : ==>  Preparing: SELECT id,username,password,nickname,email,phone,avatar,deleted,created_at,updated_at FROM user WHERE id=? AND deleted=0
2026-06-09T03:57:34.479+08:00 DEBUG 2652 --- [user-service] [http-nio-28080-exec-2] c.w.d.user.mapper.UserMapper.selectById  : ==> Parameters: 3(Long)
2026-06-09T03:57:34.480+08:00 DEBUG 2652 --- [user-service] [http-nio-28080-exec-2] c.w.d.user.mapper.UserMapper.selectById  : <==      Total: 1
2026-06-09T03:57:34.515+08:00 DEBUG 2652 --- [user-service] [http-nio-28080-exec-9] c.w.d.user.mapper.UserMapper.selectById  : ==>  Preparing: SELECT id,username,password,nickname,email,phone,avatar,deleted,created_at,updated_at FROM user WHERE id=? AND deleted=0
2026-06-09T03:57:34.516+08:00 DEBUG 2652 --- [user-service] [http-nio-28080-exec-9] c.w.d.user.mapper.UserMapper.selectById  : ==> Parameters: 3(Long)
2026-06-09T03:57:34.519+08:00 DEBUG 2652 --- [user-service] [http-nio-28080-exec-9] c.w.d.user.mapper.UserMapper.selectById  : <==      Total: 1
2026-06-09T03:57:47.207+08:00 DEBUG 2652 --- [user-service] [http-nio-28080-exec-6] c.w.d.user.mapper.UserMapper.selectById  : ==>  Preparing: SELECT id,username,password,nickname,email,phone,avatar,deleted,created_at,updated_at FROM user WHERE id=? AND deleted=0
2026-06-09T03:57:47.207+08:00 DEBUG 2652 --- [user-service] [http-nio-28080-exec-6] c.w.d.user.mapper.UserMapper.selectById  : ==> Parameters: 3(Long)
2026-06-09T03:57:47.209+08:00 DEBUG 2652 --- [user-service] [http-nio-28080-exec-6] c.w.d.user.mapper.UserMapper.selectById  : <==      Total: 1
2026-06-09T03:57:47.253+08:00 DEBUG 2652 --- [user-service] [http-nio-28080-exec-4] c.w.d.user.mapper.UserMapper.selectById  : ==>  Preparing: SELECT id,username,password,nickname,email,phone,avatar,deleted,created_at,updated_at FROM user WHERE id=? AND deleted=0
2026-06-09T03:57:47.253+08:00 DEBUG 2652 --- [user-service] [http-nio-28080-exec-4] c.w.d.user.mapper.UserMapper.selectById  : ==> Parameters: 3(Long)
2026-06-09T03:57:47.255+08:00 DEBUG 2652 --- [user-service] [http-nio-28080-exec-4] c.w.d.user.mapper.UserMapper.selectById  : <==      Total: 1
2026-06-09T03:57:47.275+08:00 DEBUG 2652 --- [user-service] [http-nio-28080-exec-1] c.w.d.user.mapper.UserMapper.selectById  : ==>  Preparing: SELECT id,username,password,nickname,email,phone,avatar,deleted,created_at,updated_at FROM user WHERE id=? AND deleted=0
2026-06-09T03:57:47.276+08:00 DEBUG 2652 --- [user-service] [http-nio-28080-exec-1] c.w.d.user.mapper.UserMapper.selectById  : ==> Parameters: 3(Long)
2026-06-09T03:57:47.278+08:00 DEBUG 2652 --- [user-service] [http-nio-28080-exec-1] c.w.d.user.mapper.UserMapper.selectById  : <==      Total: 1
2026-06-09T03:57:49.396+08:00 DEBUG 2652 --- [user-service] [http-nio-28080-exec-8] c.w.d.user.mapper.UserMapper.selectById  : ==>  Preparing: SELECT id,username,password,nickname,email,phone,avatar,deleted,created_at,updated_at FROM user WHERE id=? AND deleted=0
2026-06-09T03:57:49.397+08:00 DEBUG 2652 --- [user-service] [http-nio-28080-exec-8] c.w.d.user.mapper.UserMapper.selectById  : ==> Parameters: 3(Long)
2026-06-09T03:57:49.399+08:00 DEBUG 2652 --- [user-service] [http-nio-28080-exec-8] c.w.d.user.mapper.UserMapper.selectById  : <==      Total: 1
2026-06-09T03:57:49.428+08:00 DEBUG 2652 --- [user-service] [http-nio-28080-exec-5] c.w.d.user.mapper.UserMapper.selectById  : ==>  Preparing: SELECT id,username,password,nickname,email,phone,avatar,deleted,created_at,updated_at FROM user WHERE id=? AND deleted=0
2026-06-09T03:57:49.429+08:00 DEBUG 2652 --- [user-service] [http-nio-28080-exec-5] c.w.d.user.mapper.UserMapper.selectById  : ==> Parameters: 3(Long)
2026-06-09T03:57:49.432+08:00 DEBUG 2652 --- [user-service] [http-nio-28080-exec-5] c.w.d.user.mapper.UserMapper.selectById  : <==      Total: 1
2026-06-09T03:57:49.447+08:00 DEBUG 2652 --- [user-service] [http-nio-28080-exec-10] c.w.d.user.mapper.UserMapper.selectById  : ==>  Preparing: SELECT id,username,password,nickname,email,phone,avatar,deleted,created_at,updated_at FROM user WHERE id=? AND deleted=0
2026-06-09T03:57:49.448+08:00 DEBUG 2652 --- [user-service] [http-nio-28080-exec-10] c.w.d.user.mapper.UserMapper.selectById  : ==> Parameters: 3(Long)
2026-06-09T03:57:49.451+08:00 DEBUG 2652 --- [user-service] [http-nio-28080-exec-10] c.w.d.user.mapper.UserMapper.selectById  : <==      Total: 1
2026-06-09T03:57:51.230+08:00 DEBUG 2652 --- [user-service] [http-nio-28080-exec-7] c.w.d.user.mapper.UserMapper.selectById  : ==>  Preparing: SELECT id,username,password,nickname,email,phone,avatar,deleted,created_at,updated_at FROM user WHERE id=? AND deleted=0
2026-06-09T03:57:51.231+08:00 DEBUG 2652 --- [user-service] [http-nio-28080-exec-7] c.w.d.user.mapper.UserMapper.selectById  : ==> Parameters: 3(Long)
2026-06-09T03:57:51.233+08:00 DEBUG 2652 --- [user-service] [http-nio-28080-exec-7] c.w.d.user.mapper.UserMapper.selectById  : <==      Total: 1
2026-06-09T03:57:51.265+08:00 DEBUG 2652 --- [user-service] [http-nio-28080-exec-3] c.w.d.user.mapper.UserMapper.selectById  : ==>  Preparing: SELECT id,username,password,nickname,email,phone,avatar,deleted,created_at,updated_at FROM user WHERE id=? AND deleted=0
2026-06-09T03:57:51.265+08:00 DEBUG 2652 --- [user-service] [http-nio-28080-exec-3] c.w.d.user.mapper.UserMapper.selectById  : ==> Parameters: 3(Long)
2026-06-09T03:57:51.267+08:00 DEBUG 2652 --- [user-service] [http-nio-28080-exec-3] c.w.d.user.mapper.UserMapper.selectById  : <==      Total: 1
2026-06-09T03:57:51.284+08:00 DEBUG 2652 --- [user-service] [http-nio-28080-exec-2] c.w.d.user.mapper.UserMapper.selectById  : ==>  Preparing: SELECT id,username,password,nickname,email,phone,avatar,deleted,created_at,updated_at FROM user WHERE id=? AND deleted=0
2026-06-09T03:57:51.284+08:00 DEBUG 2652 --- [user-service] [http-nio-28080-exec-2] c.w.d.user.mapper.UserMapper.selectById  : ==> Parameters: 3(Long)
2026-06-09T03:57:51.287+08:00 DEBUG 2652 --- [user-service] [http-nio-28080-exec-2] c.w.d.user.mapper.UserMapper.selectById  : <==      Total: 1
2026-06-09T03:57:53.068+08:00 DEBUG 2652 --- [user-service] [http-nio-28080-exec-9] c.w.d.user.mapper.UserMapper.selectById  : ==>  Preparing: SELECT id,username,password,nickname,email,phone,avatar,deleted,created_at,updated_at FROM user WHERE id=? AND deleted=0
2026-06-09T03:57:53.069+08:00 DEBUG 2652 --- [user-service] [http-nio-28080-exec-9] c.w.d.user.mapper.UserMapper.selectById  : ==> Parameters: 3(Long)
2026-06-09T03:57:53.071+08:00 DEBUG 2652 --- [user-service] [http-nio-28080-exec-9] c.w.d.user.mapper.UserMapper.selectById  : <==      Total: 1
2026-06-09T03:57:53.105+08:00 DEBUG 2652 --- [user-service] [http-nio-28080-exec-6] c.w.d.user.mapper.UserMapper.selectById  : ==>  Preparing: SELECT id,username,password,nickname,email,phone,avatar,deleted,created_at,updated_at FROM user WHERE id=? AND deleted=0
2026-06-09T03:57:53.105+08:00 DEBUG 2652 --- [user-service] [http-nio-28080-exec-6] c.w.d.user.mapper.UserMapper.selectById  : ==> Parameters: 3(Long)
2026-06-09T03:57:53.107+08:00 DEBUG 2652 --- [user-service] [http-nio-28080-exec-6] c.w.d.user.mapper.UserMapper.selectById  : <==      Total: 1
2026-06-09T03:57:53.125+08:00 DEBUG 2652 --- [user-service] [http-nio-28080-exec-4] c.w.d.user.mapper.UserMapper.selectById  : ==>  Preparing: SELECT id,username,password,nickname,email,phone,avatar,deleted,created_at,updated_at FROM user WHERE id=? AND deleted=0
2026-06-09T03:57:53.125+08:00 DEBUG 2652 --- [user-service] [http-nio-28080-exec-4] c.w.d.user.mapper.UserMapper.selectById  : ==> Parameters: 3(Long)
2026-06-09T03:57:53.129+08:00 DEBUG 2652 --- [user-service] [http-nio-28080-exec-4] c.w.d.user.mapper.UserMapper.selectById  : <==      Total: 1
2026-06-09T03:57:55.741+08:00 DEBUG 2652 --- [user-service] [http-nio-28080-exec-1] c.w.d.user.mapper.UserMapper.selectById  : ==>  Preparing: SELECT id,username,password,nickname,email,phone,avatar,deleted,created_at,updated_at FROM user WHERE id=? AND deleted=0
2026-06-09T03:57:55.742+08:00 DEBUG 2652 --- [user-service] [http-nio-28080-exec-1] c.w.d.user.mapper.UserMapper.selectById  : ==> Parameters: 3(Long)
2026-06-09T03:57:55.743+08:00 DEBUG 2652 --- [user-service] [http-nio-28080-exec-1] c.w.d.user.mapper.UserMapper.selectById  : <==      Total: 1
2026-06-09T03:57:55.785+08:00 DEBUG 2652 --- [user-service] [http-nio-28080-exec-8] c.w.d.user.mapper.UserMapper.selectById  : ==>  Preparing: SELECT id,username,password,nickname,email,phone,avatar,deleted,created_at,updated_at FROM user WHERE id=? AND deleted=0
2026-06-09T03:57:55.785+08:00 DEBUG 2652 --- [user-service] [http-nio-28080-exec-8] c.w.d.user.mapper.UserMapper.selectById  : ==> Parameters: 3(Long)
2026-06-09T03:57:55.787+08:00 DEBUG 2652 --- [user-service] [http-nio-28080-exec-8] c.w.d.user.mapper.UserMapper.selectById  : <==      Total: 1
2026-06-09T03:57:55.801+08:00 DEBUG 2652 --- [user-service] [http-nio-28080-exec-5] c.w.d.user.mapper.UserMapper.selectById  : ==>  Preparing: SELECT id,username,password,nickname,email,phone,avatar,deleted,created_at,updated_at FROM user WHERE id=? AND deleted=0
2026-06-09T03:57:55.801+08:00 DEBUG 2652 --- [user-service] [http-nio-28080-exec-5] c.w.d.user.mapper.UserMapper.selectById  : ==> Parameters: 3(Long)
2026-06-09T03:57:55.803+08:00 DEBUG 2652 --- [user-service] [http-nio-28080-exec-5] c.w.d.user.mapper.UserMapper.selectById  : <==      Total: 1
2026-06-09T03:57:57.775+08:00 DEBUG 2652 --- [user-service] [http-nio-28080-exec-10] c.w.d.user.mapper.UserMapper.selectById  : ==>  Preparing: SELECT id,username,password,nickname,email,phone,avatar,deleted,created_at,updated_at FROM user WHERE id=? AND deleted=0
2026-06-09T03:57:57.775+08:00 DEBUG 2652 --- [user-service] [http-nio-28080-exec-10] c.w.d.user.mapper.UserMapper.selectById  : ==> Parameters: 3(Long)
2026-06-09T03:57:57.778+08:00 DEBUG 2652 --- [user-service] [http-nio-28080-exec-10] c.w.d.user.mapper.UserMapper.selectById  : <==      Total: 1
2026-06-09T03:57:57.810+08:00 DEBUG 2652 --- [user-service] [http-nio-28080-exec-7] c.w.d.user.mapper.UserMapper.selectById  : ==>  Preparing: SELECT id,username,password,nickname,email,phone,avatar,deleted,created_at,updated_at FROM user WHERE id=? AND deleted=0
2026-06-09T03:57:57.810+08:00 DEBUG 2652 --- [user-service] [http-nio-28080-exec-7] c.w.d.user.mapper.UserMapper.selectById  : ==> Parameters: 3(Long)
2026-06-09T03:57:57.813+08:00 DEBUG 2652 --- [user-service] [http-nio-28080-exec-7] c.w.d.user.mapper.UserMapper.selectById  : <==      Total: 1
2026-06-09T03:57:57.835+08:00 DEBUG 2652 --- [user-service] [http-nio-28080-exec-3] c.w.d.user.mapper.UserMapper.selectById  : ==>  Preparing: SELECT id,username,password,nickname,email,phone,avatar,deleted,created_at,updated_at FROM user WHERE id=? AND deleted=0
2026-06-09T03:57:57.835+08:00 DEBUG 2652 --- [user-service] [http-nio-28080-exec-3] c.w.d.user.mapper.UserMapper.selectById  : ==> Parameters: 3(Long)
2026-06-09T03:57:57.838+08:00 DEBUG 2652 --- [user-service] [http-nio-28080-exec-3] c.w.d.user.mapper.UserMapper.selectById  : <==      Total: 1
2026-06-09T03:57:59.701+08:00 DEBUG 2652 --- [user-service] [http-nio-28080-exec-2] c.w.d.user.mapper.UserMapper.selectById  : ==>  Preparing: SELECT id,username,password,nickname,email,phone,avatar,deleted,created_at,updated_at FROM user WHERE id=? AND deleted=0
2026-06-09T03:57:59.702+08:00 DEBUG 2652 --- [user-service] [http-nio-28080-exec-2] c.w.d.user.mapper.UserMapper.selectById  : ==> Parameters: 3(Long)
2026-06-09T03:57:59.703+08:00 DEBUG 2652 --- [user-service] [http-nio-28080-exec-2] c.w.d.user.mapper.UserMapper.selectById  : <==      Total: 1
2026-06-09T03:57:59.733+08:00 DEBUG 2652 --- [user-service] [http-nio-28080-exec-9] c.w.d.user.mapper.UserMapper.selectById  : ==>  Preparing: SELECT id,username,password,nickname,email,phone,avatar,deleted,created_at,updated_at FROM user WHERE id=? AND deleted=0
2026-06-09T03:57:59.733+08:00 DEBUG 2652 --- [user-service] [http-nio-28080-exec-9] c.w.d.user.mapper.UserMapper.selectById  : ==> Parameters: 3(Long)
2026-06-09T03:57:59.735+08:00 DEBUG 2652 --- [user-service] [http-nio-28080-exec-9] c.w.d.user.mapper.UserMapper.selectById  : <==      Total: 1
2026-06-09T03:57:59.751+08:00 DEBUG 2652 --- [user-service] [http-nio-28080-exec-6] c.w.d.user.mapper.UserMapper.selectById  : ==>  Preparing: SELECT id,username,password,nickname,email,phone,avatar,deleted,created_at,updated_at FROM user WHERE id=? AND deleted=0
2026-06-09T03:57:59.751+08:00 DEBUG 2652 --- [user-service] [http-nio-28080-exec-6] c.w.d.user.mapper.UserMapper.selectById  : ==> Parameters: 3(Long)
2026-06-09T03:57:59.754+08:00 DEBUG 2652 --- [user-service] [http-nio-28080-exec-6] c.w.d.user.mapper.UserMapper.selectById  : <==      Total: 1
2026-06-09T03:58:02.263+08:00 DEBUG 2652 --- [user-service] [http-nio-28080-exec-4] c.w.d.user.mapper.UserMapper.selectById  : ==>  Preparing: SELECT id,username,password,nickname,email,phone,avatar,deleted,created_at,updated_at FROM user WHERE id=? AND deleted=0
2026-06-09T03:58:02.264+08:00 DEBUG 2652 --- [user-service] [http-nio-28080-exec-4] c.w.d.user.mapper.UserMapper.selectById  : ==> Parameters: 3(Long)
2026-06-09T03:58:02.265+08:00 DEBUG 2652 --- [user-service] [http-nio-28080-exec-4] c.w.d.user.mapper.UserMapper.selectById  : <==      Total: 1
2026-06-09T03:58:02.306+08:00 DEBUG 2652 --- [user-service] [http-nio-28080-exec-1] c.w.d.user.mapper.UserMapper.selectById  : ==>  Preparing: SELECT id,username,password,nickname,email,phone,avatar,deleted,created_at,updated_at FROM user WHERE id=? AND deleted=0
2026-06-09T03:58:02.306+08:00 DEBUG 2652 --- [user-service] [http-nio-28080-exec-1] c.w.d.user.mapper.UserMapper.selectById  : ==> Parameters: 3(Long)
2026-06-09T03:58:02.308+08:00 DEBUG 2652 --- [user-service] [http-nio-28080-exec-1] c.w.d.user.mapper.UserMapper.selectById  : <==      Total: 1
2026-06-09T03:58:02.323+08:00 DEBUG 2652 --- [user-service] [http-nio-28080-exec-8] c.w.d.user.mapper.UserMapper.selectById  : ==>  Preparing: SELECT id,username,password,nickname,email,phone,avatar,deleted,created_at,updated_at FROM user WHERE id=? AND deleted=0
2026-06-09T03:58:02.324+08:00 DEBUG 2652 --- [user-service] [http-nio-28080-exec-8] c.w.d.user.mapper.UserMapper.selectById  : ==> Parameters: 3(Long)
2026-06-09T03:58:02.327+08:00 DEBUG 2652 --- [user-service] [http-nio-28080-exec-8] c.w.d.user.mapper.UserMapper.selectById  : <==      Total: 1
2026-06-09T03:58:24.773+08:00 DEBUG 2652 --- [user-service] [http-nio-28080-exec-5] c.w.d.user.mapper.UserMapper.selectList  : ==>  Preparing: SELECT id,username,password,nickname,email,phone,avatar,deleted,created_at,updated_at FROM user WHERE deleted=0 AND (username = ?)
2026-06-09T03:58:24.773+08:00 DEBUG 2652 --- [user-service] [http-nio-28080-exec-5] c.w.d.user.mapper.UserMapper.selectList  : ==> Parameters: siye(String)
2026-06-09T03:58:24.775+08:00 DEBUG 2652 --- [user-service] [http-nio-28080-exec-5] c.w.d.user.mapper.UserMapper.selectList  : <==      Total: 1
2026-06-09T03:58:24.844+08:00 DEBUG 2652 --- [user-service] [http-nio-28080-exec-5] c.w.d.u.m.RoleMapper.selectCodeByUserId  : ==>  Preparing: select code from role inner join user_role on role.id = user_role.role_id where user_role.user_id = ?
2026-06-09T03:58:24.845+08:00 DEBUG 2652 --- [user-service] [http-nio-28080-exec-5] c.w.d.u.m.RoleMapper.selectCodeByUserId  : ==> Parameters: 4(Long)
2026-06-09T03:58:24.846+08:00 DEBUG 2652 --- [user-service] [http-nio-28080-exec-5] c.w.d.u.m.RoleMapper.selectCodeByUserId  : <==      Total: 1
2026-06-09T03:58:24.847+08:00 DEBUG 2652 --- [user-service] [http-nio-28080-exec-5] c.w.d.u.m.P.selectCodeByUserId           : ==>  Preparing: select distinct p.code from permission p inner join role_permission rp on p.id = rp.permission_id inner join user_role ur on rp.role_id = ur.role_id where ur.user_id = ?
2026-06-09T03:58:24.847+08:00 DEBUG 2652 --- [user-service] [http-nio-28080-exec-5] c.w.d.u.m.P.selectCodeByUserId           : ==> Parameters: 4(Long)
2026-06-09T03:58:24.848+08:00 DEBUG 2652 --- [user-service] [http-nio-28080-exec-5] c.w.d.u.m.P.selectCodeByUserId           : <==      Total: 6
2026-06-09T03:58:24.873+08:00 DEBUG 2652 --- [user-service] [http-nio-28080-exec-10] c.w.d.user.mapper.UserMapper.selectById  : ==>  Preparing: SELECT id,username,password,nickname,email,phone,avatar,deleted,created_at,updated_at FROM user WHERE id=? AND deleted=0
2026-06-09T03:58:24.873+08:00 DEBUG 2652 --- [user-service] [http-nio-28080-exec-10] c.w.d.user.mapper.UserMapper.selectById  : ==> Parameters: 4(Long)
2026-06-09T03:58:24.875+08:00 DEBUG 2652 --- [user-service] [http-nio-28080-exec-10] c.w.d.user.mapper.UserMapper.selectById  : <==      Total: 1
2026-06-09T03:58:26.826+08:00 DEBUG 2652 --- [user-service] [http-nio-28080-exec-7] c.w.d.user.mapper.UserMapper.selectById  : ==>  Preparing: SELECT id,username,password,nickname,email,phone,avatar,deleted,created_at,updated_at FROM user WHERE id=? AND deleted=0
2026-06-09T03:58:26.826+08:00 DEBUG 2652 --- [user-service] [http-nio-28080-exec-7] c.w.d.user.mapper.UserMapper.selectById  : ==> Parameters: 3(Long)
2026-06-09T03:58:26.827+08:00 DEBUG 2652 --- [user-service] [http-nio-28080-exec-7] c.w.d.user.mapper.UserMapper.selectById  : <==      Total: 1
2026-06-09T03:58:26.844+08:00 DEBUG 2652 --- [user-service] [http-nio-28080-exec-3] c.w.d.user.mapper.UserMapper.selectById  : ==>  Preparing: SELECT id,username,password,nickname,email,phone,avatar,deleted,created_at,updated_at FROM user WHERE id=? AND deleted=0
2026-06-09T03:58:26.845+08:00 DEBUG 2652 --- [user-service] [http-nio-28080-exec-3] c.w.d.user.mapper.UserMapper.selectById  : ==> Parameters: 3(Long)
2026-06-09T03:58:26.850+08:00 DEBUG 2652 --- [user-service] [http-nio-28080-exec-3] c.w.d.user.mapper.UserMapper.selectById  : <==      Total: 1
2026-06-09T03:58:30.493+08:00 DEBUG 2652 --- [user-service] [http-nio-28080-exec-2] c.w.d.user.mapper.UserMapper.selectById  : ==>  Preparing: SELECT id,username,password,nickname,email,phone,avatar,deleted,created_at,updated_at FROM user WHERE id=? AND deleted=0
2026-06-09T03:58:30.493+08:00 DEBUG 2652 --- [user-service] [http-nio-28080-exec-2] c.w.d.user.mapper.UserMapper.selectById  : ==> Parameters: 4(Long)
2026-06-09T03:58:30.495+08:00 DEBUG 2652 --- [user-service] [http-nio-28080-exec-2] c.w.d.user.mapper.UserMapper.selectById  : <==      Total: 1
2026-06-09T03:58:30.541+08:00 DEBUG 2652 --- [user-service] [http-nio-28080-exec-9] c.w.d.user.mapper.UserMapper.selectById  : ==>  Preparing: SELECT id,username,password,nickname,email,phone,avatar,deleted,created_at,updated_at FROM user WHERE id=? AND deleted=0
2026-06-09T03:58:30.542+08:00 DEBUG 2652 --- [user-service] [http-nio-28080-exec-9] c.w.d.user.mapper.UserMapper.selectById  : ==> Parameters: 3(Long)
2026-06-09T03:58:30.543+08:00 DEBUG 2652 --- [user-service] [http-nio-28080-exec-9] c.w.d.user.mapper.UserMapper.selectById  : <==      Total: 1
2026-06-09T03:58:30.559+08:00 DEBUG 2652 --- [user-service] [http-nio-28080-exec-6] c.w.d.user.mapper.UserMapper.selectById  : ==>  Preparing: SELECT id,username,password,nickname,email,phone,avatar,deleted,created_at,updated_at FROM user WHERE id=? AND deleted=0
2026-06-09T03:58:30.560+08:00 DEBUG 2652 --- [user-service] [http-nio-28080-exec-6] c.w.d.user.mapper.UserMapper.selectById  : ==> Parameters: 3(Long)
2026-06-09T03:58:30.562+08:00 DEBUG 2652 --- [user-service] [http-nio-28080-exec-6] c.w.d.user.mapper.UserMapper.selectById  : <==      Total: 1
2026-06-09T03:58:32.285+08:00 DEBUG 2652 --- [user-service] [http-nio-28080-exec-4] c.w.d.user.mapper.UserMapper.selectById  : ==>  Preparing: SELECT id,username,password,nickname,email,phone,avatar,deleted,created_at,updated_at FROM user WHERE id=? AND deleted=0
2026-06-09T03:58:32.286+08:00 DEBUG 2652 --- [user-service] [http-nio-28080-exec-4] c.w.d.user.mapper.UserMapper.selectById  : ==> Parameters: 4(Long)
2026-06-09T03:58:32.288+08:00 DEBUG 2652 --- [user-service] [http-nio-28080-exec-4] c.w.d.user.mapper.UserMapper.selectById  : <==      Total: 1
2026-06-09T03:58:32.317+08:00 DEBUG 2652 --- [user-service] [http-nio-28080-exec-1] c.w.d.user.mapper.UserMapper.selectById  : ==>  Preparing: SELECT id,username,password,nickname,email,phone,avatar,deleted,created_at,updated_at FROM user WHERE id=? AND deleted=0
2026-06-09T03:58:32.318+08:00 DEBUG 2652 --- [user-service] [http-nio-28080-exec-1] c.w.d.user.mapper.UserMapper.selectById  : ==> Parameters: 3(Long)
2026-06-09T03:58:32.320+08:00 DEBUG 2652 --- [user-service] [http-nio-28080-exec-1] c.w.d.user.mapper.UserMapper.selectById  : <==      Total: 1
2026-06-09T03:58:32.334+08:00 DEBUG 2652 --- [user-service] [http-nio-28080-exec-8] c.w.d.user.mapper.UserMapper.selectById  : ==>  Preparing: SELECT id,username,password,nickname,email,phone,avatar,deleted,created_at,updated_at FROM user WHERE id=? AND deleted=0
2026-06-09T03:58:32.335+08:00 DEBUG 2652 --- [user-service] [http-nio-28080-exec-8] c.w.d.user.mapper.UserMapper.selectById  : ==> Parameters: 3(Long)
2026-06-09T03:58:32.337+08:00 DEBUG 2652 --- [user-service] [http-nio-28080-exec-8] c.w.d.user.mapper.UserMapper.selectById  : <==      Total: 1
2026-06-09T03:58:34.378+08:00 DEBUG 2652 --- [user-service] [http-nio-28080-exec-5] c.w.d.user.mapper.UserMapper.selectById  : ==>  Preparing: SELECT id,username,password,nickname,email,phone,avatar,deleted,created_at,updated_at FROM user WHERE id=? AND deleted=0
2026-06-09T03:58:34.379+08:00 DEBUG 2652 --- [user-service] [http-nio-28080-exec-5] c.w.d.user.mapper.UserMapper.selectById  : ==> Parameters: 4(Long)
2026-06-09T03:58:34.380+08:00 DEBUG 2652 --- [user-service] [http-nio-28080-exec-5] c.w.d.user.mapper.UserMapper.selectById  : <==      Total: 1
2026-06-09T03:58:34.413+08:00 DEBUG 2652 --- [user-service] [http-nio-28080-exec-10] c.w.d.user.mapper.UserMapper.selectById  : ==>  Preparing: SELECT id,username,password,nickname,email,phone,avatar,deleted,created_at,updated_at FROM user WHERE id=? AND deleted=0
2026-06-09T03:58:34.413+08:00 DEBUG 2652 --- [user-service] [http-nio-28080-exec-10] c.w.d.user.mapper.UserMapper.selectById  : ==> Parameters: 3(Long)
2026-06-09T03:58:34.415+08:00 DEBUG 2652 --- [user-service] [http-nio-28080-exec-10] c.w.d.user.mapper.UserMapper.selectById  : <==      Total: 1
2026-06-09T03:58:34.428+08:00 DEBUG 2652 --- [user-service] [http-nio-28080-exec-7] c.w.d.user.mapper.UserMapper.selectById  : ==>  Preparing: SELECT id,username,password,nickname,email,phone,avatar,deleted,created_at,updated_at FROM user WHERE id=? AND deleted=0
2026-06-09T03:58:34.429+08:00 DEBUG 2652 --- [user-service] [http-nio-28080-exec-7] c.w.d.user.mapper.UserMapper.selectById  : ==> Parameters: 3(Long)
2026-06-09T03:58:34.432+08:00 DEBUG 2652 --- [user-service] [http-nio-28080-exec-7] c.w.d.user.mapper.UserMapper.selectById  : <==      Total: 1
2026-06-09T03:58:36.175+08:00 DEBUG 2652 --- [user-service] [http-nio-28080-exec-3] c.w.d.user.mapper.UserMapper.selectById  : ==>  Preparing: SELECT id,username,password,nickname,email,phone,avatar,deleted,created_at,updated_at FROM user WHERE id=? AND deleted=0
2026-06-09T03:58:36.175+08:00 DEBUG 2652 --- [user-service] [http-nio-28080-exec-3] c.w.d.user.mapper.UserMapper.selectById  : ==> Parameters: 4(Long)
2026-06-09T03:58:36.176+08:00 DEBUG 2652 --- [user-service] [http-nio-28080-exec-3] c.w.d.user.mapper.UserMapper.selectById  : <==      Total: 1
2026-06-09T03:58:36.204+08:00 DEBUG 2652 --- [user-service] [http-nio-28080-exec-2] c.w.d.user.mapper.UserMapper.selectById  : ==>  Preparing: SELECT id,username,password,nickname,email,phone,avatar,deleted,created_at,updated_at FROM user WHERE id=? AND deleted=0
2026-06-09T03:58:36.204+08:00 DEBUG 2652 --- [user-service] [http-nio-28080-exec-2] c.w.d.user.mapper.UserMapper.selectById  : ==> Parameters: 3(Long)
2026-06-09T03:58:36.206+08:00 DEBUG 2652 --- [user-service] [http-nio-28080-exec-2] c.w.d.user.mapper.UserMapper.selectById  : <==      Total: 1
2026-06-09T03:58:36.221+08:00 DEBUG 2652 --- [user-service] [http-nio-28080-exec-9] c.w.d.user.mapper.UserMapper.selectById  : ==>  Preparing: SELECT id,username,password,nickname,email,phone,avatar,deleted,created_at,updated_at FROM user WHERE id=? AND deleted=0
2026-06-09T03:58:36.222+08:00 DEBUG 2652 --- [user-service] [http-nio-28080-exec-9] c.w.d.user.mapper.UserMapper.selectById  : ==> Parameters: 3(Long)
2026-06-09T03:58:36.224+08:00 DEBUG 2652 --- [user-service] [http-nio-28080-exec-9] c.w.d.user.mapper.UserMapper.selectById  : <==      Total: 1
2026-06-09T03:58:38.352+08:00 DEBUG 2652 --- [user-service] [http-nio-28080-exec-6] c.w.d.user.mapper.UserMapper.selectById  : ==>  Preparing: SELECT id,username,password,nickname,email,phone,avatar,deleted,created_at,updated_at FROM user WHERE id=? AND deleted=0
2026-06-09T03:58:38.353+08:00 DEBUG 2652 --- [user-service] [http-nio-28080-exec-6] c.w.d.user.mapper.UserMapper.selectById  : ==> Parameters: 4(Long)
2026-06-09T03:58:38.359+08:00 DEBUG 2652 --- [user-service] [http-nio-28080-exec-6] c.w.d.user.mapper.UserMapper.selectById  : <==      Total: 1
2026-06-09T03:58:38.387+08:00 DEBUG 2652 --- [user-service] [http-nio-28080-exec-4] c.w.d.user.mapper.UserMapper.selectById  : ==>  Preparing: SELECT id,username,password,nickname,email,phone,avatar,deleted,created_at,updated_at FROM user WHERE id=? AND deleted=0
2026-06-09T03:58:38.388+08:00 DEBUG 2652 --- [user-service] [http-nio-28080-exec-4] c.w.d.user.mapper.UserMapper.selectById  : ==> Parameters: 3(Long)
2026-06-09T03:58:38.390+08:00 DEBUG 2652 --- [user-service] [http-nio-28080-exec-4] c.w.d.user.mapper.UserMapper.selectById  : <==      Total: 1
2026-06-09T03:58:38.405+08:00 DEBUG 2652 --- [user-service] [http-nio-28080-exec-1] c.w.d.user.mapper.UserMapper.selectById  : ==>  Preparing: SELECT id,username,password,nickname,email,phone,avatar,deleted,created_at,updated_at FROM user WHERE id=? AND deleted=0
2026-06-09T03:58:38.406+08:00 DEBUG 2652 --- [user-service] [http-nio-28080-exec-1] c.w.d.user.mapper.UserMapper.selectById  : ==> Parameters: 3(Long)
2026-06-09T03:58:38.408+08:00 DEBUG 2652 --- [user-service] [http-nio-28080-exec-1] c.w.d.user.mapper.UserMapper.selectById  : <==      Total: 1
2026-06-09T03:58:39.833+08:00 DEBUG 2652 --- [user-service] [http-nio-28080-exec-8] c.w.d.user.mapper.UserMapper.selectById  : ==>  Preparing: SELECT id,username,password,nickname,email,phone,avatar,deleted,created_at,updated_at FROM user WHERE id=? AND deleted=0
2026-06-09T03:58:39.833+08:00 DEBUG 2652 --- [user-service] [http-nio-28080-exec-8] c.w.d.user.mapper.UserMapper.selectById  : ==> Parameters: 4(Long)
2026-06-09T03:58:39.835+08:00 DEBUG 2652 --- [user-service] [http-nio-28080-exec-8] c.w.d.user.mapper.UserMapper.selectById  : <==      Total: 1
2026-06-09T03:58:39.863+08:00 DEBUG 2652 --- [user-service] [http-nio-28080-exec-5] c.w.d.user.mapper.UserMapper.selectById  : ==>  Preparing: SELECT id,username,password,nickname,email,phone,avatar,deleted,created_at,updated_at FROM user WHERE id=? AND deleted=0
2026-06-09T03:58:39.864+08:00 DEBUG 2652 --- [user-service] [http-nio-28080-exec-5] c.w.d.user.mapper.UserMapper.selectById  : ==> Parameters: 3(Long)
2026-06-09T03:58:39.866+08:00 DEBUG 2652 --- [user-service] [http-nio-28080-exec-5] c.w.d.user.mapper.UserMapper.selectById  : <==      Total: 1
2026-06-09T03:58:39.888+08:00 DEBUG 2652 --- [user-service] [http-nio-28080-exec-10] c.w.d.user.mapper.UserMapper.selectById  : ==>  Preparing: SELECT id,username,password,nickname,email,phone,avatar,deleted,created_at,updated_at FROM user WHERE id=? AND deleted=0
2026-06-09T03:58:39.888+08:00 DEBUG 2652 --- [user-service] [http-nio-28080-exec-10] c.w.d.user.mapper.UserMapper.selectById  : ==> Parameters: 3(Long)
2026-06-09T03:58:39.890+08:00 DEBUG 2652 --- [user-service] [http-nio-28080-exec-10] c.w.d.user.mapper.UserMapper.selectById  : <==      Total: 1
2026-06-09T03:58:43.768+08:00 DEBUG 2652 --- [user-service] [http-nio-28080-exec-7] c.w.d.user.mapper.UserMapper.selectById  : ==>  Preparing: SELECT id,username,password,nickname,email,phone,avatar,deleted,created_at,updated_at FROM user WHERE id=? AND deleted=0
2026-06-09T03:58:43.768+08:00 DEBUG 2652 --- [user-service] [http-nio-28080-exec-7] c.w.d.user.mapper.UserMapper.selectById  : ==> Parameters: 4(Long)
2026-06-09T03:58:43.770+08:00 DEBUG 2652 --- [user-service] [http-nio-28080-exec-7] c.w.d.user.mapper.UserMapper.selectById  : <==      Total: 1
2026-06-09T03:58:43.800+08:00 DEBUG 2652 --- [user-service] [http-nio-28080-exec-3] c.w.d.user.mapper.UserMapper.selectById  : ==>  Preparing: SELECT id,username,password,nickname,email,phone,avatar,deleted,created_at,updated_at FROM user WHERE id=? AND deleted=0
2026-06-09T03:58:43.801+08:00 DEBUG 2652 --- [user-service] [http-nio-28080-exec-3] c.w.d.user.mapper.UserMapper.selectById  : ==> Parameters: 3(Long)
2026-06-09T03:58:43.803+08:00 DEBUG 2652 --- [user-service] [http-nio-28080-exec-3] c.w.d.user.mapper.UserMapper.selectById  : <==      Total: 1
2026-06-09T03:58:43.817+08:00 DEBUG 2652 --- [user-service] [http-nio-28080-exec-2] c.w.d.user.mapper.UserMapper.selectById  : ==>  Preparing: SELECT id,username,password,nickname,email,phone,avatar,deleted,created_at,updated_at FROM user WHERE id=? AND deleted=0
2026-06-09T03:58:43.818+08:00 DEBUG 2652 --- [user-service] [http-nio-28080-exec-2] c.w.d.user.mapper.UserMapper.selectById  : ==> Parameters: 3(Long)
2026-06-09T03:58:43.821+08:00 DEBUG 2652 --- [user-service] [http-nio-28080-exec-2] c.w.d.user.mapper.UserMapper.selectById  : <==      Total: 1
2026-06-09T03:58:45.883+08:00 DEBUG 2652 --- [user-service] [http-nio-28080-exec-9] c.w.d.user.mapper.UserMapper.selectById  : ==>  Preparing: SELECT id,username,password,nickname,email,phone,avatar,deleted,created_at,updated_at FROM user WHERE id=? AND deleted=0
2026-06-09T03:58:45.884+08:00 DEBUG 2652 --- [user-service] [http-nio-28080-exec-9] c.w.d.user.mapper.UserMapper.selectById  : ==> Parameters: 4(Long)
2026-06-09T03:58:45.885+08:00 DEBUG 2652 --- [user-service] [http-nio-28080-exec-9] c.w.d.user.mapper.UserMapper.selectById  : <==      Total: 1
2026-06-09T03:58:45.918+08:00 DEBUG 2652 --- [user-service] [http-nio-28080-exec-6] c.w.d.user.mapper.UserMapper.selectById  : ==>  Preparing: SELECT id,username,password,nickname,email,phone,avatar,deleted,created_at,updated_at FROM user WHERE id=? AND deleted=0
2026-06-09T03:58:45.918+08:00 DEBUG 2652 --- [user-service] [http-nio-28080-exec-6] c.w.d.user.mapper.UserMapper.selectById  : ==> Parameters: 3(Long)
2026-06-09T03:58:45.920+08:00 DEBUG 2652 --- [user-service] [http-nio-28080-exec-6] c.w.d.user.mapper.UserMapper.selectById  : <==      Total: 1
2026-06-09T03:58:45.933+08:00 DEBUG 2652 --- [user-service] [http-nio-28080-exec-4] c.w.d.user.mapper.UserMapper.selectById  : ==>  Preparing: SELECT id,username,password,nickname,email,phone,avatar,deleted,created_at,updated_at FROM user WHERE id=? AND deleted=0
2026-06-09T03:58:45.934+08:00 DEBUG 2652 --- [user-service] [http-nio-28080-exec-4] c.w.d.user.mapper.UserMapper.selectById  : ==> Parameters: 3(Long)
2026-06-09T03:58:45.936+08:00 DEBUG 2652 --- [user-service] [http-nio-28080-exec-4] c.w.d.user.mapper.UserMapper.selectById  : <==      Total: 1
2026-06-09T03:58:47.919+08:00 DEBUG 2652 --- [user-service] [http-nio-28080-exec-1] c.w.d.user.mapper.UserMapper.selectById  : ==>  Preparing: SELECT id,username,password,nickname,email,phone,avatar,deleted,created_at,updated_at FROM user WHERE id=? AND deleted=0
2026-06-09T03:58:47.920+08:00 DEBUG 2652 --- [user-service] [http-nio-28080-exec-1] c.w.d.user.mapper.UserMapper.selectById  : ==> Parameters: 4(Long)
2026-06-09T03:58:47.922+08:00 DEBUG 2652 --- [user-service] [http-nio-28080-exec-1] c.w.d.user.mapper.UserMapper.selectById  : <==      Total: 1
2026-06-09T03:58:47.954+08:00 DEBUG 2652 --- [user-service] [http-nio-28080-exec-8] c.w.d.user.mapper.UserMapper.selectById  : ==>  Preparing: SELECT id,username,password,nickname,email,phone,avatar,deleted,created_at,updated_at FROM user WHERE id=? AND deleted=0
2026-06-09T03:58:47.954+08:00 DEBUG 2652 --- [user-service] [http-nio-28080-exec-8] c.w.d.user.mapper.UserMapper.selectById  : ==> Parameters: 3(Long)
2026-06-09T03:58:47.955+08:00 DEBUG 2652 --- [user-service] [http-nio-28080-exec-8] c.w.d.user.mapper.UserMapper.selectById  : <==      Total: 1
2026-06-09T03:58:47.970+08:00 DEBUG 2652 --- [user-service] [http-nio-28080-exec-5] c.w.d.user.mapper.UserMapper.selectById  : ==>  Preparing: SELECT id,username,password,nickname,email,phone,avatar,deleted,created_at,updated_at FROM user WHERE id=? AND deleted=0
2026-06-09T03:58:47.971+08:00 DEBUG 2652 --- [user-service] [http-nio-28080-exec-5] c.w.d.user.mapper.UserMapper.selectById  : ==> Parameters: 3(Long)
2026-06-09T03:58:47.974+08:00 DEBUG 2652 --- [user-service] [http-nio-28080-exec-5] c.w.d.user.mapper.UserMapper.selectById  : <==      Total: 1
2026-06-09T03:58:49.676+08:00 DEBUG 2652 --- [user-service] [http-nio-28080-exec-10] c.w.d.user.mapper.UserMapper.selectById  : ==>  Preparing: SELECT id,username,password,nickname,email,phone,avatar,deleted,created_at,updated_at FROM user WHERE id=? AND deleted=0
2026-06-09T03:58:49.676+08:00 DEBUG 2652 --- [user-service] [http-nio-28080-exec-10] c.w.d.user.mapper.UserMapper.selectById  : ==> Parameters: 4(Long)
2026-06-09T03:58:49.678+08:00 DEBUG 2652 --- [user-service] [http-nio-28080-exec-10] c.w.d.user.mapper.UserMapper.selectById  : <==      Total: 1
2026-06-09T03:58:49.704+08:00 DEBUG 2652 --- [user-service] [http-nio-28080-exec-7] c.w.d.user.mapper.UserMapper.selectById  : ==>  Preparing: SELECT id,username,password,nickname,email,phone,avatar,deleted,created_at,updated_at FROM user WHERE id=? AND deleted=0
2026-06-09T03:58:49.704+08:00 DEBUG 2652 --- [user-service] [http-nio-28080-exec-7] c.w.d.user.mapper.UserMapper.selectById  : ==> Parameters: 3(Long)
2026-06-09T03:58:49.706+08:00 DEBUG 2652 --- [user-service] [http-nio-28080-exec-7] c.w.d.user.mapper.UserMapper.selectById  : <==      Total: 1
2026-06-09T03:58:49.720+08:00 DEBUG 2652 --- [user-service] [http-nio-28080-exec-3] c.w.d.user.mapper.UserMapper.selectById  : ==>  Preparing: SELECT id,username,password,nickname,email,phone,avatar,deleted,created_at,updated_at FROM user WHERE id=? AND deleted=0
2026-06-09T03:58:49.720+08:00 DEBUG 2652 --- [user-service] [http-nio-28080-exec-3] c.w.d.user.mapper.UserMapper.selectById  : ==> Parameters: 3(Long)
2026-06-09T03:58:49.722+08:00 DEBUG 2652 --- [user-service] [http-nio-28080-exec-3] c.w.d.user.mapper.UserMapper.selectById  : <==      Total: 1
2026-06-09T03:58:51.676+08:00 DEBUG 2652 --- [user-service] [http-nio-28080-exec-2] c.w.d.user.mapper.UserMapper.selectById  : ==>  Preparing: SELECT id,username,password,nickname,email,phone,avatar,deleted,created_at,updated_at FROM user WHERE id=? AND deleted=0
2026-06-09T03:58:51.676+08:00 DEBUG 2652 --- [user-service] [http-nio-28080-exec-2] c.w.d.user.mapper.UserMapper.selectById  : ==> Parameters: 4(Long)
2026-06-09T03:58:51.678+08:00 DEBUG 2652 --- [user-service] [http-nio-28080-exec-2] c.w.d.user.mapper.UserMapper.selectById  : <==      Total: 1
2026-06-09T03:58:51.706+08:00 DEBUG 2652 --- [user-service] [http-nio-28080-exec-9] c.w.d.user.mapper.UserMapper.selectById  : ==>  Preparing: SELECT id,username,password,nickname,email,phone,avatar,deleted,created_at,updated_at FROM user WHERE id=? AND deleted=0
2026-06-09T03:58:51.707+08:00 DEBUG 2652 --- [user-service] [http-nio-28080-exec-9] c.w.d.user.mapper.UserMapper.selectById  : ==> Parameters: 3(Long)
2026-06-09T03:58:51.708+08:00 DEBUG 2652 --- [user-service] [http-nio-28080-exec-9] c.w.d.user.mapper.UserMapper.selectById  : <==      Total: 1
2026-06-09T03:58:51.728+08:00 DEBUG 2652 --- [user-service] [http-nio-28080-exec-6] c.w.d.user.mapper.UserMapper.selectById  : ==>  Preparing: SELECT id,username,password,nickname,email,phone,avatar,deleted,created_at,updated_at FROM user WHERE id=? AND deleted=0
2026-06-09T03:58:51.729+08:00 DEBUG 2652 --- [user-service] [http-nio-28080-exec-6] c.w.d.user.mapper.UserMapper.selectById  : ==> Parameters: 3(Long)
2026-06-09T03:58:51.731+08:00 DEBUG 2652 --- [user-service] [http-nio-28080-exec-6] c.w.d.user.mapper.UserMapper.selectById  : <==      Total: 1
2026-06-09T03:58:53.568+08:00 DEBUG 2652 --- [user-service] [http-nio-28080-exec-4] c.w.d.user.mapper.UserMapper.selectById  : ==>  Preparing: SELECT id,username,password,nickname,email,phone,avatar,deleted,created_at,updated_at FROM user WHERE id=? AND deleted=0
2026-06-09T03:58:53.569+08:00 DEBUG 2652 --- [user-service] [http-nio-28080-exec-4] c.w.d.user.mapper.UserMapper.selectById  : ==> Parameters: 4(Long)
2026-06-09T03:58:53.571+08:00 DEBUG 2652 --- [user-service] [http-nio-28080-exec-4] c.w.d.user.mapper.UserMapper.selectById  : <==      Total: 1
2026-06-09T03:58:53.600+08:00 DEBUG 2652 --- [user-service] [http-nio-28080-exec-1] c.w.d.user.mapper.UserMapper.selectById  : ==>  Preparing: SELECT id,username,password,nickname,email,phone,avatar,deleted,created_at,updated_at FROM user WHERE id=? AND deleted=0
2026-06-09T03:58:53.600+08:00 DEBUG 2652 --- [user-service] [http-nio-28080-exec-1] c.w.d.user.mapper.UserMapper.selectById  : ==> Parameters: 3(Long)
2026-06-09T03:58:53.603+08:00 DEBUG 2652 --- [user-service] [http-nio-28080-exec-1] c.w.d.user.mapper.UserMapper.selectById  : <==      Total: 1
2026-06-09T03:58:53.616+08:00 DEBUG 2652 --- [user-service] [http-nio-28080-exec-8] c.w.d.user.mapper.UserMapper.selectById  : ==>  Preparing: SELECT id,username,password,nickname,email,phone,avatar,deleted,created_at,updated_at FROM user WHERE id=? AND deleted=0
2026-06-09T03:58:53.617+08:00 DEBUG 2652 --- [user-service] [http-nio-28080-exec-8] c.w.d.user.mapper.UserMapper.selectById  : ==> Parameters: 3(Long)
2026-06-09T03:58:53.619+08:00 DEBUG 2652 --- [user-service] [http-nio-28080-exec-8] c.w.d.user.mapper.UserMapper.selectById  : <==      Total: 1
2026-06-09T03:59:23.113+08:00  INFO 2652 --- [user-service] [Thread-14] c.a.n.common.http.HttpClientBeanHolder   : [HttpClientBeanHolder] Start destroying common HttpClient
2026-06-09T03:59:23.113+08:00  INFO 2652 --- [user-service] [Thread-4] c.a.n.common.executor.ThreadPoolManager  : [ThreadPoolManager] Start destroying ThreadPool
2026-06-09T03:59:23.114+08:00  INFO 2652 --- [user-service] [Thread-10] c.a.nacos.common.notify.NotifyCenter     : [NotifyCenter] Start destroying Publisher
2026-06-09T03:59:23.114+08:00  INFO 2652 --- [user-service] [Thread-10] c.a.nacos.common.notify.NotifyCenter     : [NotifyCenter] Completed destruction of Publisher
2026-06-09T03:59:23.115+08:00  INFO 2652 --- [user-service] [Thread-4] c.a.n.common.executor.ThreadPoolManager  : [ThreadPoolManager] Completed destruction of ThreadPool
2026-06-09T03:59:23.119+08:00  INFO 2652 --- [user-service] [Thread-14] c.a.n.common.http.HttpClientBeanHolder   : [HttpClientBeanHolder] Completed destruction of HttpClient
2026-06-09T03:59:23.123+08:00  INFO 2652 --- [user-service] [SpringContextShutdownHook] c.a.c.n.registry.NacosServiceRegistry    : De-registering from Nacos Server now...
2026-06-09T03:59:23.122+08:00 ERROR 2652 --- [user-service] [nacos.publisher-com.alibaba.nacos.client.naming.event.NamingFuzzyWatchNotifyEvent] c.a.nacos.common.notify.NotifyCenter     : Event listener exception : 

java.lang.InterruptedException
	at java.base/java.util.concurrent.locks.AbstractQueuedSynchronizer$ConditionObject.await(AbstractQueuedSynchronizer.java:1638) ~[na:na]
	at java.base/java.util.concurrent.ArrayBlockingQueue.take(ArrayBlockingQueue.java:420) ~[na:na]
	at com.alibaba.nacos.common.notify.DefaultPublisher.openEventHandler(DefaultPublisher.java:111) ~[nacos-client-3.0.3.jar:na]
	at com.alibaba.nacos.common.notify.DefaultPublisher.run(DefaultPublisher.java:95) ~[nacos-client-3.0.3.jar:na]

2026-06-09T03:59:23.114+08:00 ERROR 2652 --- [user-service] [nacos.publisher-com.alibaba.nacos.client.naming.event.NamingFuzzyWatchLoadEvent] c.a.nacos.common.notify.NotifyCenter     : Event listener exception : 

java.lang.InterruptedException
	at java.base/java.util.concurrent.locks.AbstractQueuedSynchronizer$ConditionObject.await(AbstractQueuedSynchronizer.java:1638) ~[na:na]
	at java.base/java.util.concurrent.ArrayBlockingQueue.take(ArrayBlockingQueue.java:420) ~[na:na]
	at com.alibaba.nacos.common.notify.DefaultPublisher.openEventHandler(DefaultPublisher.java:111) ~[nacos-client-3.0.3.jar:na]
	at com.alibaba.nacos.common.notify.DefaultPublisher.run(DefaultPublisher.java:95) ~[nacos-client-3.0.3.jar:na]

2026-06-09T03:59:23.114+08:00 ERROR 2652 --- [user-service] [nacos.publisher-com.alibaba.nacos.client.naming.event.InstancesChangeEvent] c.a.nacos.common.notify.NotifyCenter     : Event listener exception : 

java.lang.InterruptedException
	at java.base/java.util.concurrent.locks.AbstractQueuedSynchronizer$ConditionObject.await(AbstractQueuedSynchronizer.java:1638) ~[na:na]
	at java.base/java.util.concurrent.ArrayBlockingQueue.take(ArrayBlockingQueue.java:420) ~[na:na]
	at com.alibaba.nacos.common.notify.DefaultPublisher.openEventHandler(DefaultPublisher.java:111) ~[nacos-client-3.0.3.jar:na]
	at com.alibaba.nacos.common.notify.DefaultPublisher.run(DefaultPublisher.java:95) ~[nacos-client-3.0.3.jar:na]

2026-06-09T03:59:23.114+08:00 ERROR 2652 --- [user-service] [nacos.publisher-com.alibaba.nacos.common.ability.AbstractAbilityControlManager$AbilityUpdateEvent] c.a.nacos.common.notify.NotifyCenter     : Event listener exception : 

java.lang.InterruptedException
	at java.base/java.util.concurrent.locks.AbstractQueuedSynchronizer$ConditionObject.await(AbstractQueuedSynchronizer.java:1638) ~[na:na]
	at java.base/java.util.concurrent.ArrayBlockingQueue.take(ArrayBlockingQueue.java:420) ~[na:na]
	at com.alibaba.nacos.common.notify.DefaultPublisher.openEventHandler(DefaultPublisher.java:111) ~[nacos-client-3.0.3.jar:na]
	at com.alibaba.nacos.common.notify.DefaultPublisher.run(DefaultPublisher.java:95) ~[nacos-client-3.0.3.jar:na]

2026-06-09T03:59:23.114+08:00 ERROR 2652 --- [user-service] [nacos.publisher-com.alibaba.nacos.common.notify.SlowEvent] c.a.nacos.common.notify.NotifyCenter     : Event listener exception : 

java.lang.InterruptedException
	at java.base/java.util.concurrent.locks.AbstractQueuedSynchronizer$ConditionObject.await(AbstractQueuedSynchronizer.java:1638) ~[na:na]
	at java.base/java.util.concurrent.ArrayBlockingQueue.take(ArrayBlockingQueue.java:420) ~[na:na]
	at com.alibaba.nacos.common.notify.DefaultPublisher.openEventHandler(DefaultPublisher.java:111) ~[nacos-client-3.0.3.jar:na]
	at com.alibaba.nacos.common.notify.DefaultPublisher.run(DefaultPublisher.java:95) ~[nacos-client-3.0.3.jar:na]

2026-06-09T03:59:23.163+08:00  INFO 2652 --- [user-service] [SpringContextShutdownHook] c.a.c.n.registry.NacosServiceRegistry    : De-registration finished.
2026-06-09T03:59:23.180+08:00 ERROR 2652 --- [user-service] [SpringContextShutdownHook] c.a.c.n.r.NacosGracefulShutdownDelegate  : Error occurred while performing Nacos client graceful shutdown

java.lang.NullPointerException: Cannot read field "sharePublisher" because "com.alibaba.nacos.common.notify.NotifyCenter.INSTANCE" is null
	at com.alibaba.nacos.common.notify.NotifyCenter.deregisterSubscriber(NotifyCenter.java:242) ~[nacos-client-3.0.3.jar:na]
	at com.alibaba.nacos.client.naming.remote.gprc.NamingGrpcClientProxy.shutdown(NamingGrpcClientProxy.java:537) ~[nacos-client-3.0.3.jar:na]
	at com.alibaba.nacos.client.naming.remote.NamingClientProxyDelegate.shutdown(NamingClientProxyDelegate.java:212) ~[nacos-client-3.0.3.jar:na]
	at com.alibaba.nacos.client.naming.NacosNamingService.shutDown(NacosNamingService.java:637) ~[nacos-client-3.0.3.jar:na]
	at com.alibaba.cloud.nacos.NacosServiceManager.nacosServiceShutDown(NacosServiceManager.java:117) ~[spring-cloud-starter-alibaba-nacos-discovery-2025.0.0.0.jar:2025.0.0.0]
	at com.alibaba.cloud.nacos.registry.NacosServiceRegistry.close(NacosServiceRegistry.java:120) ~[spring-cloud-starter-alibaba-nacos-discovery-2025.0.0.0.jar:2025.0.0.0]
	at org.springframework.cloud.client.serviceregistry.AbstractAutoServiceRegistration.stop(AbstractAutoServiceRegistration.java:311) ~[spring-cloud-commons-4.3.2.jar:4.3.2]
	at com.alibaba.cloud.nacos.registry.NacosGracefulShutdownDelegate.doGracefulShutdown(NacosGracefulShutdownDelegate.java:69) ~[spring-cloud-starter-alibaba-nacos-discovery-2025.0.0.0.jar:2025.0.0.0]
	at com.alibaba.cloud.nacos.registry.NacosGracefulShutdownDelegate.onApplicationEvent(NacosGracefulShutdownDelegate.java:64) ~[spring-cloud-starter-alibaba-nacos-discovery-2025.0.0.0.jar:2025.0.0.0]
	at com.alibaba.cloud.nacos.registry.NacosGracefulShutdownDelegate.onApplicationEvent(NacosGracefulShutdownDelegate.java:34) ~[spring-cloud-starter-alibaba-nacos-discovery-2025.0.0.0.jar:2025.0.0.0]
	at org.springframework.context.event.SimpleApplicationEventMulticaster.doInvokeListener(SimpleApplicationEventMulticaster.java:185) ~[spring-context-6.2.18.jar:6.2.18]
	at org.springframework.context.event.SimpleApplicationEventMulticaster.invokeListener(SimpleApplicationEventMulticaster.java:178) ~[spring-context-6.2.18.jar:6.2.18]
	at org.springframework.context.event.SimpleApplicationEventMulticaster.multicastEvent(SimpleApplicationEventMulticaster.java:156) ~[spring-context-6.2.18.jar:6.2.18]
	at org.springframework.context.support.AbstractApplicationContext.publishEvent(AbstractApplicationContext.java:455) ~[spring-context-6.2.18.jar:6.2.18]
	at org.springframework.context.support.AbstractApplicationContext.publishEvent(AbstractApplicationContext.java:388) ~[spring-context-6.2.18.jar:6.2.18]
	at org.springframework.context.support.AbstractApplicationContext.doClose(AbstractApplicationContext.java:1187) ~[spring-context-6.2.18.jar:6.2.18]
	at org.springframework.boot.web.servlet.context.ServletWebServerApplicationContext.doClose(ServletWebServerApplicationContext.java:179) ~[spring-boot-3.5.14.jar:3.5.14]
	at org.springframework.context.support.AbstractApplicationContext$1.run(AbstractApplicationContext.java:1075) ~[spring-context-6.2.18.jar:6.2.18]

2026-06-09T03:59:23.202+08:00  INFO 2652 --- [user-service] [SpringContextShutdownHook] o.s.b.w.e.tomcat.GracefulShutdown        : Commencing graceful shutdown. Waiting for active requests to complete
2026-06-09T03:59:23.329+08:00  INFO 2652 --- [user-service] [tomcat-shutdown] o.s.b.w.e.tomcat.GracefulShutdown        : Graceful shutdown complete
2026-06-09T03:59:23.351+08:00  WARN 2652 --- [user-service] [SpringContextShutdownHook] o.s.b.f.support.DisposableBeanAdapter    : Custom destroy method 'close' on bean with name 'nacosServiceRegistry' propagated an exception: java.lang.NullPointerException: Cannot read field "sharePublisher" because "com.alibaba.nacos.common.notify.NotifyCenter.INSTANCE" is null
2026-06-09T03:59:23.361+08:00  INFO 2652 --- [user-service] [SpringContextShutdownHook] com.zaxxer.hikari.HikariDataSource       : HikariPool-1 - Shutdown initiated...
2026-06-09T03:59:23.373+08:00  INFO 2652 --- [user-service] [SpringContextShutdownHook] com.zaxxer.hikari.HikariDataSource       : HikariPool-1 - Shutdown completed.
2026-06-09T03:59:23.381+08:00  INFO 2652 --- [user-service] [NettyClientSelector_TMROLE_1_1_16] o.a.s.c.r.n.AbstractNettyRemotingClient  : channel inactive: [id: 0x338a6886, L:/192.168.1.200:52083 ! R:/192.168.1.200:8091]
2026-06-09T03:59:23.381+08:00  INFO 2652 --- [user-service] [NettyClientSelector_TMROLE_1_1_16] o.a.s.c.r.n.NettyClientChannelManager    : return to pool, rm channel:[id: 0x338a6886, L:/192.168.1.200:52083 ! R:/192.168.1.200:8091]
2026-06-09T03:59:23.382+08:00  INFO 2652 --- [user-service] [NettyClientSelector_TMROLE_1_1_16] o.a.s.c.rpc.netty.NettyPoolableFactory   : channel valid false,channel:[id: 0x338a6886, L:/192.168.1.200:52083 ! R:/192.168.1.200:8091]
2026-06-09T03:59:23.382+08:00  INFO 2652 --- [user-service] [NettyClientSelector_TMROLE_1_1_16] o.a.s.c.rpc.netty.NettyPoolableFactory   : will destroy channel:[id: 0x338a6886, L:/192.168.1.200:52083 ! R:/192.168.1.200:8091]
2026-06-09T03:59:23.383+08:00  INFO 2652 --- [user-service] [NettyClientSelector_TMROLE_1_1_16] o.a.s.c.r.n.AbstractNettyRemotingClient  : ChannelHandlerContext(AbstractNettyRemotingClient$ClientHandler#0, [id: 0x338a6886, L:/192.168.1.200:52083 ! R:/192.168.1.200:8091]) will closed
2026-06-09T03:59:23.383+08:00  INFO 2652 --- [user-service] [NettyClientSelector_TMROLE_1_1_16] o.a.s.c.r.n.AbstractNettyRemotingClient  : ChannelHandlerContext(AbstractNettyRemotingClient$ClientHandler#0, [id: 0x338a6886, L:/192.168.1.200:52083 ! R:/192.168.1.200:8091]) will closed
2026-06-09T03:59:23.383+08:00  WARN 2652 --- [user-service] [NettyClientSelector_TMROLE_1_1_16] o.a.s.c.rpc.netty.ChannelEventHandler    : Channel inactive: /192.168.1.200:8091
2026-06-09T03:59:23.383+08:00  WARN 2652 --- [user-service] [NettyClientSelector_TMROLE_1_1_16] o.a.s.c.rpc.netty.TmNettyRemotingClient  : Channel inactive: /192.168.1.200:8091
2026-06-09T03:59:23.384+08:00  INFO 2652 --- [user-service] [NettyClientSelector_TMROLE_1_1_16] o.a.s.c.r.n.AbstractNettyRemotingClient  : Cleaned up 0 pending requests for disconnected channel: /192.168.1.200:8091
2026-06-09T03:59:23.386+08:00  INFO 2652 --- [user-service] [NettyClientSelector_RMROLE_1_1_16] o.a.s.c.r.n.AbstractNettyRemotingClient  : channel inactive: [id: 0x2a8a8b75, L:/192.168.1.200:52089 ! R:/192.168.1.200:8091]
2026-06-09T03:59:23.386+08:00  INFO 2652 --- [user-service] [NettyClientSelector_RMROLE_1_1_16] o.a.s.c.r.n.NettyClientChannelManager    : return to pool, rm channel:[id: 0x2a8a8b75, L:/192.168.1.200:52089 ! R:/192.168.1.200:8091]
2026-06-09T03:59:23.386+08:00  INFO 2652 --- [user-service] [NettyClientSelector_RMROLE_1_1_16] o.a.s.c.rpc.netty.NettyPoolableFactory   : channel valid false,channel:[id: 0x2a8a8b75, L:/192.168.1.200:52089 ! R:/192.168.1.200:8091]
2026-06-09T03:59:23.386+08:00  INFO 2652 --- [user-service] [NettyClientSelector_RMROLE_1_1_16] o.a.s.c.rpc.netty.NettyPoolableFactory   : will destroy channel:[id: 0x2a8a8b75, L:/192.168.1.200:52089 ! R:/192.168.1.200:8091]
2026-06-09T03:59:23.386+08:00  INFO 2652 --- [user-service] [NettyClientSelector_RMROLE_1_1_16] o.a.s.c.r.n.AbstractNettyRemotingClient  : ChannelHandlerContext(AbstractNettyRemotingClient$ClientHandler#0, [id: 0x2a8a8b75, L:/192.168.1.200:52089 ! R:/192.168.1.200:8091]) will closed
2026-06-09T03:59:23.386+08:00  INFO 2652 --- [user-service] [NettyClientSelector_RMROLE_1_1_16] o.a.s.c.r.n.AbstractNettyRemotingClient  : ChannelHandlerContext(AbstractNettyRemotingClient$ClientHandler#0, [id: 0x2a8a8b75, L:/192.168.1.200:52089 ! R:/192.168.1.200:8091]) will closed
2026-06-09T03:59:23.386+08:00  WARN 2652 --- [user-service] [NettyClientSelector_RMROLE_1_1_16] o.a.s.c.rpc.netty.ChannelEventHandler    : Channel inactive: /192.168.1.200:8091
2026-06-09T03:59:23.386+08:00  WARN 2652 --- [user-service] [NettyClientSelector_RMROLE_1_1_16] o.a.s.c.rpc.netty.RmNettyRemotingClient  : Channel inactive: /192.168.1.200:8091
2026-06-09T03:59:23.387+08:00  INFO 2652 --- [user-service] [NettyClientSelector_RMROLE_1_1_16] o.a.s.c.r.n.AbstractNettyRemotingClient  : Cleaned up 0 pending requests for disconnected channel: /192.168.1.200:8091
